Component: Arm Compiler for Embedded 6.19 Tool: armlink [5e73cb00]

==============================================================================

Section Cross References

    startup_stm32f407xx.o(RESET) refers to startup_stm32f407xx.o(STACK) for __initial_sp
    startup_stm32f407xx.o(RESET) refers to startup_stm32f407xx.o(.text) for Reset_Handler
    startup_stm32f407xx.o(RESET) refers to stm32f4xx_it.o(.text.NMI_Handler) for NMI_Handler
    startup_stm32f407xx.o(RESET) refers to stm32f4xx_it.o(.text.HardFault_Handler) for HardFault_Handler
    startup_stm32f407xx.o(RESET) refers to stm32f4xx_it.o(.text.MemManage_Handler) for MemManage_Handler
    startup_stm32f407xx.o(RESET) refers to stm32f4xx_it.o(.text.BusFault_Handler) for BusFault_Handler
    startup_stm32f407xx.o(RESET) refers to stm32f4xx_it.o(.text.UsageFault_Handler) for UsageFault_Handler
    startup_stm32f407xx.o(RESET) refers to port.o(.text.SVC_Handler) for SVC_Handler
    startup_stm32f407xx.o(RESET) refers to stm32f4xx_it.o(.text.DebugMon_Handler) for DebugMon_Handler
    startup_stm32f407xx.o(RESET) refers to port.o(.text.PendSV_Handler) for PendSV_Handler
    startup_stm32f407xx.o(RESET) refers to cmsis_os2.o(.text.SysTick_Handler) for SysTick_Handler
    startup_stm32f407xx.o(RESET) refers to stm32f4xx_it.o(.text.DMA1_Stream1_IRQHandler) for DMA1_Stream1_IRQHandler
    startup_stm32f407xx.o(RESET) refers to stm32f4xx_it.o(.text.DMA1_Stream3_IRQHandler) for DMA1_Stream3_IRQHandler
    startup_stm32f407xx.o(RESET) refers to stm32f4xx_it.o(.text.DMA1_Stream5_IRQHandler) for DMA1_Stream5_IRQHandler
    startup_stm32f407xx.o(RESET) refers to stm32f4xx_it.o(.text.DMA1_Stream6_IRQHandler) for DMA1_Stream6_IRQHandler
    startup_stm32f407xx.o(RESET) refers to stm32f4xx_it.o(.text.TIM1_BRK_TIM9_IRQHandler) for TIM1_BRK_TIM9_IRQHandler
    startup_stm32f407xx.o(RESET) refers to stm32f4xx_it.o(.text.USART1_IRQHandler) for USART1_IRQHandler
    startup_stm32f407xx.o(RESET) refers to stm32f4xx_it.o(.text.USART2_IRQHandler) for USART2_IRQHandler
    startup_stm32f407xx.o(RESET) refers to stm32f4xx_it.o(.text.USART3_IRQHandler) for USART3_IRQHandler
    startup_stm32f407xx.o(RESET) refers to stm32f4xx_it.o(.text.TIM7_IRQHandler) for TIM7_IRQHandler
    startup_stm32f407xx.o(RESET) refers to stm32f4xx_it.o(.text.DMA2_Stream2_IRQHandler) for DMA2_Stream2_IRQHandler
    startup_stm32f407xx.o(RESET) refers to stm32f4xx_it.o(.text.DMA2_Stream7_IRQHandler) for DMA2_Stream7_IRQHandler
    startup_stm32f407xx.o(.text) refers to system_stm32f4xx.o(.text.SystemInit) for SystemInit
    startup_stm32f407xx.o(.text) refers to entry.o(.ARM.Collect$$$$00000000) for __main
    main.o(.text.main) refers to stm32f4xx_hal.o(.text.HAL_Init) for HAL_Init
    main.o(.text.main) refers to main.o(.text.SystemClock_Config) for SystemClock_Config
    main.o(.text.main) refers to gpio.o(.text.MX_GPIO_Init) for MX_GPIO_Init
    main.o(.text.main) refers to dma.o(.text.MX_DMA_Init) for MX_DMA_Init
    main.o(.text.main) refers to usart.o(.text.MX_USART2_UART_Init) for MX_USART2_UART_Init
    main.o(.text.main) refers to usart.o(.text.MX_USART1_UART_Init) for MX_USART1_UART_Init
    main.o(.text.main) refers to tim.o(.text.MX_TIM1_Init) for MX_TIM1_Init
    main.o(.text.main) refers to tim.o(.text.MX_TIM2_Init) for MX_TIM2_Init
    main.o(.text.main) refers to tim.o(.text.MX_TIM3_Init) for MX_TIM3_Init
    main.o(.text.main) refers to tim.o(.text.MX_TIM4_Init) for MX_TIM4_Init
    main.o(.text.main) refers to tim.o(.text.MX_TIM8_Init) for MX_TIM8_Init
    main.o(.text.main) refers to tim.o(.text.MX_TIM9_Init) for MX_TIM9_Init
    main.o(.text.main) refers to tim.o(.text.MX_TIM12_Init) for MX_TIM12_Init
    main.o(.text.main) refers to usart.o(.text.MX_USART3_UART_Init) for MX_USART3_UART_Init
    main.o(.text.main) refers to cmsis_os2.o(.text.osKernelInitialize) for osKernelInitialize
    main.o(.text.main) refers to freertos.o(.text.MX_FREERTOS_Init) for MX_FREERTOS_Init
    main.o(.text.main) refers to cmsis_os2.o(.text.osKernelStart) for osKernelStart
    main.o(.ARM.exidx.text.main) refers to main.o(.text.main) for [Anonymous Symbol]
    main.o(.text.SystemClock_Config) refers to stm32f4xx_hal_rcc.o(.text.HAL_RCC_OscConfig) for HAL_RCC_OscConfig
    main.o(.text.SystemClock_Config) refers to stm32f4xx_hal_rcc.o(.text.HAL_RCC_ClockConfig) for HAL_RCC_ClockConfig
    main.o(.ARM.exidx.text.SystemClock_Config) refers to main.o(.text.SystemClock_Config) for [Anonymous Symbol]
    main.o(.ARM.exidx.text.Error_Handler) refers to main.o(.text.Error_Handler) for [Anonymous Symbol]
    main.o(.text.HAL_TIM_PeriodElapsedCallback) refers to stm32f4xx_hal.o(.text.HAL_IncTick) for HAL_IncTick
    main.o(.ARM.exidx.text.HAL_TIM_PeriodElapsedCallback) refers to main.o(.text.HAL_TIM_PeriodElapsedCallback) for [Anonymous Symbol]
    gpio.o(.text.MX_GPIO_Init) refers to stm32f4xx_hal_gpio.o(.text.HAL_GPIO_WritePin) for HAL_GPIO_WritePin
[...]
    [Anonymous Symbol]                       0x08000980   Section        0  stm32f4xx_hal_gpio.o(.text.HAL_GPIO_WritePin)
    [Anonymous Symbol]                       0x0800098c   Section        0  stm32f4xx_hal.o(.text.HAL_GetTick)
    [Anonymous Symbol]                       0x08000998   Section        0  stm32f4xx_hal.o(.text.HAL_IncTick)
    [Anonymous Symbol]                       0x080009b4   Section        0  stm32f4xx_hal.o(.text.HAL_Init)
    [Anonymous Symbol]                       0x080009ec   Section        0  stm32f4xx_hal_timebase_tim.o(.text.HAL_InitTick)
    [Anonymous Symbol]                       0x08000aa8   Section        0  stm32f4xx_hal_msp.o(.text.HAL_MspInit)
    [Anonymous Symbol]                       0x08000aec   Section        0  stm32f4xx_hal_cortex.o(.text.HAL_NVIC_EnableIRQ)
    [Anonymous Symbol]                       0x08000b14   Section        0  stm32f4xx_hal_cortex.o(.text.HAL_NVIC_SetPriority)
    [Anonymous Symbol]                       0x08000b6c   Section        0  stm32f4xx_hal_cortex.o(.text.HAL_NVIC_SetPriorityGrouping)
    [Anonymous Symbol]                       0x08000b8c   Section        0  stm32f4xx_hal_rcc.o(.text.HAL_RCC_ClockConfig)
    [Anonymous Symbol]                       0x08000cec   Section        0  stm32f4xx_hal_rcc.o(.text.HAL_RCC_GetClockConfig)
    [Anonymous Symbol]                       0x08000d2c   Section        0  stm32f4xx_hal_rcc.o(.text.HAL_RCC_GetPCLK1Freq)
    [Anonymous Symbol]                       0x08000d54   Section        0  stm32f4xx_hal_rcc.o(.text.HAL_RCC_GetPCLK2Freq)
    [Anonymous Symbol]                       0x08000d7c   Section        0  stm32f4xx_hal_rcc.o(.text.HAL_RCC_GetSysClockFreq)
    [Anonymous Symbol]                       0x08000de8   Section        0  stm32f4xx_hal_rcc.o(.text.HAL_RCC_OscConfig)
    [Anonymous Symbol]                       0x0800115c   Section        0  stm32f4xx_hal_tim_ex.o(.text.HAL_TIMEx_BreakCallback)
    [Anonymous Symbol]                       0x08001160   Section        0  stm32f4xx_hal_tim_ex.o(.text.HAL_TIMEx_CommutCallback)
    [Anonymous Symbol]                       0x08001164   Section        0  stm32f4xx_hal_tim_ex.o(.text.HAL_TIMEx_ConfigBreakDeadTime)
    [Anonymous Symbol]                       0x080011b0   Section        0  stm32f4xx_hal_tim_ex.o(.text.HAL_TIMEx_MasterConfigSynchronization)
    [Anonymous Symbol]                       0x08001268   Section        0  stm32f4xx_hal_tim.o(.text.HAL_TIM_Base_Init)
    [Anonymous Symbol]                       0x080012c4   Section        0  tim.o(.text.HAL_TIM_Base_MspInit)
    [Anonymous Symbol]                       0x08001424   Section        0  stm32f4xx_hal_tim.o(.text.HAL_TIM_Base_Start_IT)
    [Anonymous Symbol]                       0x080014d0   Section        0  stm32f4xx_hal_tim.o(.text.HAL_TIM_ConfigClockSource)
    [Anonymous Symbol]                       0x0800166c   Section        0  stm32f4xx_hal_tim.o(.text.HAL_TIM_IC_CaptureCallback)
    [Anonymous Symbol]                       0x08001670   Section        0  stm32f4xx_hal_tim.o(.text.HAL_TIM_IRQHandler)
    [Anonymous Symbol]                       0x080017e0   Section        0  tim.o(.text.HAL_TIM_MspPostInit)
    [Anonymous Symbol]                       0x08001a58   Section        0  stm32f4xx_hal_tim.o(.text.HAL_TIM_OC_DelayElapsedCallback)
    [Anonymous Symbol]                       0x08001a5c   Section        0  stm32f4xx_hal_tim.o(.text.HAL_TIM_PWM_ConfigChannel)
    [Anonymous Symbol]                       0x08001c80   Section        0  stm32f4xx_hal_tim.o(.text.HAL_TIM_PWM_Init)
    [Anonymous Symbol]                       0x08001cdc   Section        0  stm32f4xx_hal_tim.o(.text.HAL_TIM_PWM_MspInit)
    [Anonymous Symbol]                       0x08001ce0   Section        0  stm32f4xx_hal_tim.o(.text.HAL_TIM_PWM_PulseFinishedCallback)
    [Anonymous Symbol]                       0x08001ce4   Section        0  stm32f4xx_hal_tim.o(.text.HAL_TIM_PWM_Start)
    [Anonymous Symbol]                       0x08001df8   Section        0  main.o(.text.HAL_TIM_PeriodElapsedCallback)
    [Anonymous Symbol]                       0x08001e0c   Section        0  stm32f4xx_hal_tim.o(.text.HAL_TIM_TriggerCallback)
    [Anonymous Symbol]                       0x08001e10   Section        0  stm32f4xx_hal_uart.o(.text.HAL_UARTEx_ReceiveToIdle_DMA)
    [Anonymous Symbol]                       0x08001ff4   Section        0  freertos.o(.text.HAL_UARTEx_RxEventCallback)
    [Anonymous Symbol]                       0x08002044   Section        0  stm32f4xx_hal_uart.o(.text.HAL_UART_DMAStop)
    [Anonymous Symbol]                       0x08002260   Section        0  stm32f4xx_hal_uart.o(.text.HAL_UART_ErrorCallback)
    [Anonymous Symbol]                       0x08002264   Section        0  stm32f4xx_hal_uart.o(.text.HAL_UART_IRQHandler)
    [Anonymous Symbol]                       0x080027c8   Section        0  stm32f4xx_hal_uart.o(.text.HAL_UART_Init)
    [Anonymous Symbol]                       0x08002828   Section        0  usart.o(.text.HAL_UART_MspInit)
    [Anonymous Symbol]                       0x08002ae0   Section        0  stm32f4xx_hal_uart.o(.text.HAL_UART_RxCpltCallback)
    [Anonymous Symbol]                       0x08002ae4   Section        0  stm32f4xx_hal_uart.o(.text.HAL_UART_RxHalfCpltCallback)
    [Anonymous Symbol]                       0x08002ae8   Section        0  stm32f4xx_hal_uart.o(.text.HAL_UART_Transmit)
    [Anonymous Symbol]                       0x08002d70   Section        0  stm32f4xx_hal_uart.o(.text.HAL_UART_TxCpltCallback)
    [Anonymous Symbol]                       0x08002d74   Section        0  stm32f4xx_it.o(.text.HardFault_Handler)
    [Anonymous Symbol]                       0x08002d78   Section        0  control.o(.text.LP_start)
    [Anonymous Symbol]                       0x08002de8   Section        0  dma.o(.text.MX_DMA_Init)
    [Anonymous Symbol]                       0x08002e84   Section        0  freertos.o(.text.MX_FREERTOS_Init)
    [Anonymous Symbol]                       0x08002ed4   Section        0  gpio.o(.text.MX_GPIO_Init)
    [Anonymous Symbol]                       0x08002fe8   Section        0  tim.o(.text.MX_TIM12_Init)
    [Anonymous Symbol]                       0x080030b0   Section        0  tim.o(.text.MX_TIM1_Init)
    [Anonymous Symbol]                       0x0800320c   Section        0  tim.o(.text.MX_TIM2_Init)
    [Anonymous Symbol]                       0x08003320   Section        0  tim.o(.text.MX_TIM3_Init)
    [Anonymous Symbol]                       0x08003438   Section        0  tim.o(.text.MX_TIM4_Init)
    [Anonymous Symbol]                       0x0800354c   Section        0  tim.o(.text.MX_TIM8_Init)
    [Anonymous Symbol]                       0x08003690   Section        0  tim.o(.text.MX_TIM9_Init)
    [Anonymous Symbol]                       0x08003758   Section        0  usart.o(.text.MX_USART1_UART_Init)
    [Anonymous Symbol]                       0x08003794   Section        0  usart.o(.text.MX_USART2_UART_Init)
    [Anonymous Symbol]                       0x080037d0   Section        0  usart.o(.text.MX_USART3_UART_Init)
    [Anonymous Symbol]                       0x0800380c   Section        0  stm32f4xx_it.o(.text.MemManage_Handler)
    [Anonymous Symbol]                       0x08003810   Section        0  stm32f4xx_it.o(.text.NMI_Handler)
    [Anonymous Symbol]                       0x08003820   Section        0  port.o(.text.PendSV_Handler)
    pxCurrentTCBConst                        0x08003880   Number         0  port.o(.text.PendSV_Handler)
    [Anonymous Symbol]                       0x08003884   Section        0  control.o(.text.SE_init)
    [Anonymous Symbol]                       0x08003990   Section        0  port.o(.text.SVC_Handler)
    pxCurrentTCBConst2                       0x080039b0   Number         0  port.o(.text.SVC_Handler)
    [Anonymous Symbol]                       0x080039b4   Section        0  freertos.o(.text.StartMainTask)
    [Anonymous Symbol]                       0x08003ab4   Section        0  freertos.o(.text.StartStateUart)
    [Anonymous Symbol]                       0x08003b0c   Section        0  cmsis_os2.o(.text.SysTick_Handler)
    [Anonymous Symbol]                       0x08003b2c   Section        0  main.o(.text.SystemClock_Config)
    [Anonymous Symbol]                       0x08003bdc   Section        0  system_stm32f4xx.o(.text.SystemInit)
    [Anonymous Symbol]                       0x08003bf0   Section        0  stm32f4xx_it.o(.text.TIM1_BRK_TIM9_IRQHandler)
    [Anonymous Symbol]                       0x08003c10   Section        0  stm32f4xx_it.o(.text.TIM7_IRQHandler)
    [Anonymous Symbol]                       0x08003c1c   Section        0  stm32f4xx_hal_tim.o(.text.TIM_Base_SetConfig)
    UART_DMAAbortOnError                     0x08003d59   Thumb Code    12  stm32f4xx_hal_uart.o(.text.UART_DMAAbortOnError)
    [Anonymous Symbol]                       0x08003d58   Section        0  stm32f4xx_hal_uart.o(.text.UART_DMAAbortOnError)
    UART_DMAError                            0x08003d65   Thumb Code   380  stm32f4xx_hal_uart.o(.text.UART_DMAError)
    [Anonymous Symbol]                       0x08003d64   Section        0  stm32f4xx_hal_uart.o(.text.UART_DMAError)
    UART_DMAReceiveCplt                      0x08003ee1   Thumb Code   346  stm32f4xx_hal_uart.o(.text.UART_DMAReceiveCplt)
    [Anonymous Symbol]                       0x08003ee0   Section        0  stm32f4xx_hal_uart.o(.text.UART_DMAReceiveCplt)
    UART_DMARxHalfCplt                       0x0800403d   Thumb Code    20  stm32f4xx_hal_uart.o(.text.UART_DMARxHalfCplt)
    [Anonymous Symbol]                       0x0800403c   Section        0  stm32f4xx_hal_uart.o(.text.UART_DMARxHalfCplt)
    UART_Receive_IT                          0x08004051   Thumb Code   254  stm32f4xx_hal_uart.o(.text.UART_Receive_IT)
    [Anonymous Symbol]                       0x08004050   Section        0  stm32f4xx_hal_uart.o(.text.UART_Receive_IT)
    UART_SetConfig                           0x08004151   Thumb Code   238  stm32f4xx_hal_uart.o(.text.UART_SetConfig)
    [Anonymous Symbol]                       0x08004150   Section        0  stm32f4xx_hal_uart.o(.text.UART_SetConfig)
    [Anonymous Symbol]                       0x08004240   Section        0  stm32f4xx_it.o(.text.USART1_IRQHandler)
    [Anonymous Symbol]                       0x0800424c   Section        0  stm32f4xx_it.o(.text.USART2_IRQHandler)
    [Anonymous Symbol]                       0x08004258   Section        0  stm32f4xx_it.o(.text.USART3_IRQHandler)
    [Anonymous Symbol]                       0x08004264   Section        0  stm32f4xx_it.o(.text.UsageFault_Handler)
    [Anonymous Symbol]                       0x08004268   Section        0  control.o(.text.ZZ_start)
    [Anonymous Symbol]                       0x08004344   Section        0  usart.o(.text.fputc)
    [Anonymous Symbol]                       0x08004364   Section        0  main.o(.text.main)
    [Anonymous Symbol]                       0x080043ac   Section        0  cmsis_os2.o(.text.osDelay)
    [Anonymous Symbol]                       0x080043cc   Section        0  cmsis_os2.o(.text.osKernelInitialize)
    [Anonymous Symbol]                       0x080043f4   Section        0  cmsis_os2.o(.text.osKernelStart)
    [Anonymous Symbol]                       0x08004430   Section        0  cmsis_os2.o(.text.osMessageQueueGet)
    [Anonymous Symbol]                       0x080044b8   Section        0  cmsis_os2.o(.text.osMessageQueueNew)
    [Anonymous Symbol]                       0x0800454c   Section        0  cmsis_os2.o(.text.osMessageQueuePut)
    [Anonymous Symbol]                       0x080045f4   Section        0  cmsis_os2.o(.text.osThreadNew)
    prvAddNewTaskToReadyList                 0x080046a5   Thumb Code   650  tasks.o(.text.prvAddNewTaskToReadyList)
    [Anonymous Symbol]                       0x080046a4   Section        0  tasks.o(.text.prvAddNewTaskToReadyList)
    prvIdleTask                              0x08004931   Thumb Code   134  tasks.o(.text.prvIdleTask)
    [Anonymous Symbol]                       0x08004930   Section        0  tasks.o(.text.prvIdleTask)
    prvInitialiseNewTask                     0x080049b9   Thumb Code   296  tasks.o(.text.prvInitialiseNewTask)
    [Anonymous Symbol]                       0x080049b8   Section        0  tasks.o(.text.prvInitialiseNewTask)
    prvPortStartFirstTask                    0x08004ae1   Thumb Code    34  port.o(.text.prvPortStartFirstTask)
    [Anonymous Symbol]                       0x08004ae0   Section        0  port.o(.text.prvPortStartFirstTask)
    prvTaskExitError                         0x08004b09   Thumb Code    62  port.o(.text.prvTaskExitError)
    [Anonymous Symbol]                       0x08004b08   Section        0  port.o(.text.prvTaskExitError)
    prvTimerTask                             0x08004b49   Thumb Code   906  timers.o(.text.prvTimerTask)
    [Anonymous Symbol]                       0x08004b48   Section        0  timers.o(.text.prvTimerTask)
    prvUnlockQueue                           0x08004ed5   Thumb Code   116  queue.o(.text.prvUnlockQueue)
    [Anonymous Symbol]                       0x08004ed4   Section        0  queue.o(.text.prvUnlockQueue)
    [Anonymous Symbol]                       0x08004f48   Section        0  heap_4.o(.text.pvPortMalloc)
    [Anonymous Symbol]                       0x08005154   Section        0  port.o(.text.pxPortInitialiseStack)
    [Anonymous Symbol]                       0x0800517c   Section        0  list.o(.text.uxListRemove)
    [Anonymous Symbol]                       0x080051a0   Section        0  cmsis_os2.o(.text.vApplicationGetIdleTaskMemory)
    [Anonymous Symbol]                       0x080051bc   Section        0  cmsis_os2.o(.text.vApplicationGetTimerTaskMemory)
    [Anonymous Symbol]                       0x080051d8   Section        0  list.o(.text.vListInitialise)
    [Anonymous Symbol]                       0x080051f0   Section        0  list.o(.text.vListInitialiseItem)
    [Anonymous Symbol]                       0x080051f8   Section        0  list.o(.text.vListInsert)
    [Anonymous Symbol]                       0x0800525c   Section        0  list.o(.text.vListInsertEnd)
    vPortEnableVFP                           0x08005279   Thumb Code    14  port.o(.text.vPortEnableVFP)
    [Anonymous Symbol]                       0x08005278   Section        0  port.o(.text.vPortEnableVFP)
    [Anonymous Symbol]                       0x0800528c   Section        0  port.o(.text.vPortEnterCritical)
    [Anonymous Symbol]                       0x080052d4   Section        0  port.o(.text.vPortExitCritical)
    [Anonymous Symbol]                       0x08005304   Section        0  heap_4.o(.text.vPortFree)
    [Anonymous Symbol]                       0x080053d8   Section        0  port.o(.text.vPortSetupTimerInterrupt)
    [Anonymous Symbol]                       0x0800540c   Section        0  port.o(.text.vPortValidateInterruptPriority)
    [Anonymous Symbol]                       0x0800546c   Section        0  queue.o(.text.vQueueAddToRegistry)
    [Anonymous Symbol]                       0x0800551c   Section        0  queue.o(.text.vQueueWaitForMessageRestricted)
    [Anonymous Symbol]                       0x08005570   Section        0  tasks.o(.text.vTaskDelay)
    [Anonymous Symbol]                       0x080055f0   Section        0  tasks.o(.text.vTaskInternalSetTimeOutState)
    [Anonymous Symbol]                       0x08005604   Section        0  tasks.o(.text.vTaskMissedYield)
    [Anonymous Symbol]                       0x08005614   Section        0  tasks.o(.text.vTaskPlaceOnEventList)
    [Anonymous Symbol]                       0x08005688   Section        0  tasks.o(.text.vTaskPlaceOnEventListRestricted)
    [Anonymous Symbol]                       0x08005704   Section        0  tasks.o(.text.vTaskStartScheduler)
    [Anonymous Symbol]                       0x080057f4   Section        0  tasks.o(.text.vTaskSuspendAll)
    [Anonymous Symbol]                       0x08005804   Section        0  tasks.o(.text.vTaskSwitchContext)
    [Anonymous Symbol]                       0x080058c0   Section        0  port.o(.text.xPortStartScheduler)
    [Anonymous Symbol]                       0x08005a44   Section        0  port.o(.text.xPortSysTickHandler)
    [Anonymous Symbol]                       0x08005a74   Section        0  queue.o(.text.xQueueGenericCreate)
    [Anonymous Symbol]                       0x08005afc   Section        0  queue.o(.text.xQueueGenericCreateStatic)
    [Anonymous Symbol]                       0x08005bdc   Section        0  queue.o(.text.xQueueGenericSend)
    [Anonymous Symbol]                       0x08005e08   Section        0  queue.o(.text.xQueueGenericSendFromISR)
    [Anonymous Symbol]                       0x08005f60   Section        0  queue.o(.text.xQueueReceive)
    [Anonymous Symbol]                       0x08006104   Section        0  queue.o(.text.xQueueReceiveFromISR)
    [Anonymous Symbol]                       0x080061e8   Section        0  tasks.o(.text.xTaskCheckForTimeOut)
    [Anonymous Symbol]                       0x0800628c   Section        0  tasks.o(.text.xTaskCreate)
    [Anonymous Symbol]                       0x080062ec   Section        0  tasks.o(.text.xTaskCreateStatic)
    [Anonymous Symbol]                       0x08006364   Section        0  tasks.o(.text.xTaskGetSchedulerState)
    [Anonymous Symbol]                       0x08006384   Section        0  tasks.o(.text.xTaskGetTickCount)
    [Anonymous Symbol]                       0x08006390   Section        0  tasks.o(.text.xTaskIncrementTick)
    [Anonymous Symbol]                       0x08006494   Section        0  tasks.o(.text.xTaskPriorityDisinherit)
    [Anonymous Symbol]                       0x08006520   Section        0  tasks.o(.text.xTaskRemoveFromEventList)
    [Anonymous Symbol]                       0x08006594   Section        0  tasks.o(.text.xTaskResumeAll)
    [Anonymous Symbol]                       0x08006684   Section        0  timers.o(.text.xTimerCreateTimerTask)
    i.__scatterload_copy                     0x08006738   Section       14  handlers.o(i.__scatterload_copy)
    i.__scatterload_null                     0x08006746   Section        2  handlers.o(i.__scatterload_null)
    i.__scatterload_zeroinit                 0x08006748   Section       14  handlers.o(i.__scatterload_zeroinit)
    i.puts                                   0x08006758   Section        0  puts.o(i.puts)
    DMA_CalcBaseAndBitshift.flagBitshiftOffset 0x080067dc   Data           8  stm32f4xx_hal_dma.o(.rodata.cst8)
    [Anonymous Symbol]                       0x080067dc   Section        0  stm32f4xx_hal_dma.o(.rodata.cst8)
    [Anonymous Symbol]                       0x080067fc   Section        0  freertos.o(.rodata.str1.1)
    .L.str.1                                 0x08006819   Data           5  timers.o(.rodata.str1.1)
    [Anonymous Symbol]                       0x08006819   Section        0  timers.o(.rodata.str1.1)
    .L_MergedGlobals                         0x20000000   Data           8  stm32f4xx_hal.o(.data..L_MergedGlobals)
    [Anonymous Symbol]                       0x20000000   Section        0  stm32f4xx_hal.o(.data..L_MergedGlobals)
    uxCriticalNesting                        0x2000000c   Data           4  port.o(.data.uxCriticalNesting)
    [Anonymous Symbol]                       0x2000000c   Section        0  port.o(.data.uxCriticalNesting)
    .L_MergedGlobals                         0x20000010   Data          16  freertos.o(.bss..L_MergedGlobals)
    [Anonymous Symbol]                       0x20000010   Section        0  freertos.o(.bss..L_MergedGlobals)
    .L_MergedGlobals                         0x20000020   Data         120  tasks.o(.bss..L_MergedGlobals)
    [Anonymous Symbol]                       0x20000020   Section        0  tasks.o(.bss..L_MergedGlobals)
    uxTaskNumber                             0x20000024   Data           4  tasks.o(.bss..L_MergedGlobals)
    uxDeletedTasksWaitingCleanUp             0x20000028   Data           4  tasks.o(.bss..L_MergedGlobals)
    uxCurrentNumberOfTasks                   0x2000002c   Data           4  tasks.o(.bss..L_MergedGlobals)
    xSchedulerRunning                        0x20000030   Data           4  tasks.o(.bss..L_MergedGlobals)
    uxSchedulerSuspended                     0x20000034   Data           4  tasks.o(.bss..L_MergedGlobals)
    xTickCount                               0x20000038   Data           4  tasks.o(.bss..L_MergedGlobals)
    pxDelayedTaskList                        0x2000003c   Data           4  tasks.o(.bss..L_MergedGlobals)
    pxOverflowDelayedTaskList                0x20000040   Data           4  tasks.o(.bss..L_MergedGlobals)
    uxTopReadyPriority                       0x20000044   Data           4  tasks.o(.bss..L_MergedGlobals)
    xIdleTaskHandle                          0x20000048   Data           4  tasks.o(.bss..L_MergedGlobals)
    xNextTaskUnblockTime                     0x2000004c   Data           4  tasks.o(.bss..L_MergedGlobals)
    xYieldPending                            0x20000050   Data           4  tasks.o(.bss..L_MergedGlobals)
    xPendedTicks                             0x20000054   Data           4  tasks.o(.bss..L_MergedGlobals)
    xNumOfOverflows                          0x20000058   Data           4  tasks.o(.bss..L_MergedGlobals)
    xTasksWaitingTermination                 0x2000005c   Data          20  tasks.o(.bss..L_MergedGlobals)
    xSuspendedTaskList                       0x20000070   Data          20  tasks.o(.bss..L_MergedGlobals)
    xPendingReadyList                        0x20000084   Data          20  tasks.o(.bss..L_MergedGlobals)
    .L_MergedGlobals                         0x20000098   Data          60  timers.o(.bss..L_MergedGlobals)
    xTimerQueue                              0x20000098   Data           4  timers.o(.bss..L_MergedGlobals)
    [Anonymous Symbol]                       0x20000098   Section        0  timers.o(.bss..L_MergedGlobals)
    xTimerTaskHandle                         0x2000009c   Data           4  timers.o(.bss..L_MergedGlobals)
    pxCurrentTimerList                       0x200000a0   Data           4  timers.o(.bss..L_MergedGlobals)
    pxOverflowTimerList                      0x200000a4   Data           4  timers.o(.bss..L_MergedGlobals)
    prvSampleTimeNow.xLastTime               0x200000a8   Data           4  timers.o(.bss..L_MergedGlobals)
    xActiveTimerList1                        0x200000ac   Data          20  timers.o(.bss..L_MergedGlobals)
    xActiveTimerList2                        0x200000c0   Data          20  timers.o(.bss..L_MergedGlobals)
    .L_MergedGlobals                         0x200000d4   Data          32  heap_4.o(.bss..L_MergedGlobals)
    xBlockAllocatedBit                       0x200000d4   Data           1  heap_4.o(.bss..L_MergedGlobals)
    [Anonymous Symbol]                       0x200000d4   Section        0  heap_4.o(.bss..L_MergedGlobals)
    pxEnd                                    0x200000d8   Data           4  heap_4.o(.bss..L_MergedGlobals)
    xFreeBytesRemaining                      0x200000dc   Data           4  heap_4.o(.bss..L_MergedGlobals)
    xMinimumEverFreeBytesRemaining           0x200000e0   Data           4  heap_4.o(.bss..L_MergedGlobals)
    xNumberOfSuccessfulAllocations           0x200000e4   Data           4  heap_4.o(.bss..L_MergedGlobals)
    xNumberOfSuccessfulFrees                 0x200000e8   Data           4  heap_4.o(.bss..L_MergedGlobals)
    xStart                                   0x200000ec   Data           8  heap_4.o(.bss..L_MergedGlobals)
    .L_MergedGlobals                         0x200000f4   Data           8  port.o(.bss..L_MergedGlobals)
    ucMaxSysCallPriority                     0x200000f4   Data           1  port.o(.bss..L_MergedGlobals)
    [Anonymous Symbol]                       0x200000f4   Section        0  port.o(.bss..L_MergedGlobals)
    ulMaxPRIGROUPValue                       0x200000f8   Data           4  port.o(.bss..L_MergedGlobals)
    .L_MergedGlobals.1                       0x200000fc   Data          40  tasks.o(.bss..L_MergedGlobals.1)
    xDelayedTaskList1                        0x200000fc   Data          20  tasks.o(.bss..L_MergedGlobals.1)
    [Anonymous Symbol]                       0x200000fc   Section        0  tasks.o(.bss..L_MergedGlobals.1)
    xDelayedTaskList2                        0x20000110   Data          20  tasks.o(.bss..L_MergedGlobals.1)
    KernelState                              0x20000124   Data           4  cmsis_os2.o(.bss.KernelState)
    [Anonymous Symbol]                       0x20000124   Section        0  cmsis_os2.o(.bss.KernelState)
    prvCheckForValidListAndQueue.ucStaticTimerQueueStorage 0x200006c8   Data         160  timers.o(.bss.prvCheckForValidListAndQueue.ucStaticTimerQueueStorage)
    [Anonymous Symbol]                       0x200006c8   Section        0  timers.o(.bss.prvCheckForValidListAndQueue.ucStaticTimerQueueStorage)
    prvCheckForValidListAndQueue.xStaticTimerQueue 0x20000768   Data          80  timers.o(.bss.prvCheckForValidListAndQueue.xStaticTimerQueue)
    [Anonymous Symbol]                       0x20000768   Section        0  timers.o(.bss.prvCheckForValidListAndQueue.xStaticTimerQueue)
    pxReadyTasksLists                        0x200007b8   Data        1120  tasks.o(.bss.pxReadyTasksLists)
    [Anonymous Symbol]                       0x200007b8   Section        0  tasks.o(.bss.pxReadyTasksLists)
    ucHeap                                   0x20000c98   Data       15360  heap_4.o(.bss.ucHeap)
    [Anonymous Symbol]                       0x20000c98   Section        0  heap_4.o(.bss.ucHeap)
    vApplicationGetIdleTaskMemory.Idle_Stack 0x2000489c   Data         512  cmsis_os2.o(.bss.vApplicationGetIdleTaskMemory.Idle_Stack)
    [Anonymous Symbol]                       0x2000489c   Section        0  cmsis_os2.o(.bss.vApplicationGetIdleTaskMemory.Idle_Stack)
    vApplicationGetIdleTaskMemory.Idle_TCB   0x20004a9c   Data          92  cmsis_os2.o(.bss.vApplicationGetIdleTaskMemory.Idle_TCB)
    [Anonymous Symbol]                       0x20004a9c   Section        0  cmsis_os2.o(.bss.vApplicationGetIdleTaskMemory.Idle_TCB)
    vApplicationGetTimerTaskMemory.Timer_Stack 0x20004af8   Data        1024  cmsis_os2.o(.bss.vApplicationGetTimerTaskMemory.Timer_Stack)
    [Anonymous Symbol]                       0x20004af8   Section        0  cmsis_os2.o(.bss.vApplicationGetTimerTaskMemory.Timer_Stack)
    vApplicationGetTimerTaskMemory.Timer_TCB 0x20004ef8   Data          92  cmsis_os2.o(.bss.vApplicationGetTimerTaskMemory.Timer_TCB)
    [Anonymous Symbol]                       0x20004ef8   Section        0  cmsis_os2.o(.bss.vApplicationGetTimerTaskMemory.Timer_TCB)
    STACK                                    0x20004f98   Section     1024  startup_stm32f407xx.o(STACK)

    Global Symbols

    Symbol Name                              Value     Ov Type        Size  Object(Section)

    BuildAttributes$$THM_ISAv4$E$P$D$K$B$S$7EM$VFPi3$EXTD16$VFPS$VFMA$PE$A:L22UL41UL21$X:L11$S22US41US21$IEEE1$IW$~IW$USESV6$~STKCKD$USESV7$~SHL$OTIME$EBA8$MICROLIB$REQ8$PRES8$EABIv2 0x00000000   Number         0  anon$$obj.o ABSOLUTE
    __cpp_initialize__aeabi_                  - Undefined Weak Reference
    __cxa_finalize                            - Undefined Weak Reference
    __decompress                              - Undefined Weak Reference
    _clock_init                               - Undefined Weak Reference
    _microlib_exit                            - Undefined Weak Reference
    __Vectors_Size                           0x00000188   Number         0  startup_stm32f407xx.o ABSOLUTE
    __Vectors                                0x08000000   Data           4  startup_stm32f407xx.o(RESET)
    __Vectors_End                            0x08000188   Data           0  startup_stm32f407xx.o(RESET)
    __main                                   0x08000189   Thumb Code     0  entry.o(.ARM.Collect$$$$00000000)
    _main_stk                                0x08000189   Thumb Code     0  entry2.o(.ARM.Collect$$$$00000001)
    _main_scatterload                        0x0800018d   Thumb Code     0  entry5.o(.ARM.Collect$$$$00000004)
    __main_after_scatterload                 0x08000191   Thumb Code     0  entry5.o(.ARM.Collect$$$$00000004)
    _main_clock                              0x08000191   Thumb Code     0  entry7b.o(.ARM.Collect$$$$00000008)
    _main_cpp_init                           0x08000191   Thumb Code     0  entry8b.o(.ARM.Collect$$$$0000000A)
    _main_init                               0x08000191   Thumb Code     0  entry9a.o(.ARM.Collect$$$$0000000B)
    __rt_final_cpp                           0x08000199   Thumb Code     0  entry10a.o(.ARM.Collect$$$$0000000D)
    __rt_final_exit                          0x08000199   Thumb Code     0  entry11a.o(.ARM.Collect$$$$0000000F)
    Reset_Handler                            0x0800019d   Thumb Code     8  startup_stm32f407xx.o(.text)
    ADC_IRQHandler                           0x080001b7   Thumb Code     0  startup_stm32f407xx.o(.text)
    CAN1_RX0_IRQHandler                      0x080001b7   Thumb Code     0  startup_stm32f407xx.o(.text)
    CAN1_RX1_IRQHandler                      0x080001b7   Thumb Code     0  startup_stm32f407xx.o(.text)
    CAN1_SCE_IRQHandler                      0x080001b7   Thumb Code     0  startup_stm32f407xx.o(.text)
    CAN1_TX_IRQHandler                       0x080001b7   Thumb Code     0  startup_stm32f407xx.o(.text)
    CAN2_RX0_IRQHandler                      0x080001b7   Thumb Code     0  startup_stm32f407xx.o(.text)
    CAN2_RX1_IRQHandler                      0x080001b7   Thumb Code     0  startup_stm32f407xx.o(.text)
    CAN2_SCE_IRQHandler                      0x080001b7   Thumb Code     0  startup_stm32f407xx.o(.text)
    CAN2_TX_IRQHandler                       0x080001b7   Thumb Code     0  startup_stm32f407xx.o(.text)
    DCMI_IRQHandler                          0x080001b7   Thumb Code     0  startup_stm32f407xx.o(.text)
    DMA1_Stream0_IRQHandler                  0x080001b7   Thumb Code     0  startup_stm32f407xx.o(.text)
    DMA1_Stream2_IRQHandler                  0x080001b7   Thumb Code     0  startup_stm32f407xx.o(.text)
    DMA1_Stream4_IRQHandler                  0x080001b7   Thumb Code     0  startup_stm32f407xx.o(.text)
    DMA1_Stream7_IRQHandler                  0x080001b7   Thumb Code     0  startup_stm32f407xx.o(.text)
    DMA2_Stream0_IRQHandler                  0x080001b7   Thumb Code     0  startup_stm32f407xx.o(.text)
    DMA2_Stream1_IRQHandler                  0x080001b7   Thumb Code     0  startup_stm32f407xx.o(.text)
    DMA2_Stream3_IRQHandler                  0x080001b7   Thumb Code     0  startup_stm32f407xx.o(.text)
    DMA2_Stream4_IRQHandler                  0x080001b7   Thumb Code     0  startup_stm32f407xx.o(.text)
    DMA2_Stream5_IRQHandler                  0x080001b7   Thumb Code     0  startup_stm32f407xx.o(.text)
    DMA2_Stream6_IRQHandler                  0x080001b7   Thumb Code     0  startup_stm32f407xx.o(.text)
    ETH_IRQHandler                           0x080001b7   Thumb Code     0  startup_stm32f407xx.o(.text)
    ETH_WKUP_IRQHandler                      0x080001b7   Thumb Code     0  startup_stm32f407xx.o(.text)
    EXTI0_IRQHandler                         0x080001b7   Thumb Code     0  startup_stm32f407xx.o(.text)
    EXTI15_10_IRQHandler                     0x080001b7   Thumb Code     0  startup_stm32f407xx.o(.text)
    EXTI1_IRQHandler                         0x080001b7   Thumb Code     0  startup_stm32f407xx.o(.text)
    EXTI2_IRQHandler                         0x080001b7   Thumb Code     0  startup_stm32f407xx.o(.text)
    EXTI3_IRQHandler                         0x080001b7   Thumb Code     0  startup_stm32f407xx.o(.text)
    EXTI4_IRQHandler                         0x080001b7   Thumb Code     0  startup_stm32f407xx.o(.text)
    EXTI9_5_IRQHandler                       0x080001b7   Thumb Code     0  startup_stm32f407xx.o(.text)
    FLASH_IRQHandler                         0x080001b7   Thumb Code     0  startup_stm32f407xx.o(.text)
    FMC_IRQHandler                           0x080001b7   Thumb Code     0  startup_stm32f407xx.o(.text)
    FPU_IRQHandler                           0x080001b7   Thumb Code     0  startup_stm32f407xx.o(.text)
    HASH_RNG_IRQHandler                      0x080001b7   Thumb Code     0  startup_stm32f407xx.o(.text)
    I2C1_ER_IRQHandler                       0x080001b7   Thumb Code     0  startup_stm32f407xx.o(.text)
    I2C1_EV_IRQHandler                       0x080001b7   Thumb Code     0  startup_stm32f407xx.o(.text)
    I2C2_ER_IRQHandler                       0x080001b7   Thumb Code     0  startup_stm32f407xx.o(.text)
    I2C2_EV_IRQHandler                       0x080001b7   Thumb Code     0  startup_stm32f407xx.o(.text)
    I2C3_ER_IRQHandler                       0x080001b7   Thumb Code     0  startup_stm32f407xx.o(.text)
    I2C3_EV_IRQHandler                       0x080001b7   Thumb Code     0  startup_stm32f407xx.o(.text)
    OTG_FS_IRQHandler                        0x080001b7   Thumb Code     0  startup_stm32f407xx.o(.text)
    OTG_FS_WKUP_IRQHandler                   0x080001b7   Thumb Code     0  startup_stm32f407xx.o(.text)
    OTG_HS_EP1_IN_IRQHandler                 0x080001b7   Thumb Code     0  startup_stm32f407xx.o(.text)
    OTG_HS_EP1_OUT_IRQHandler                0x080001b7   Thumb Code     0  startup_stm32f407xx.o(.text)
    OTG_HS_IRQHandler                        0x080001b7   Thumb Code     0  startup_stm32f407xx.o(.text)
    OTG_HS_WKUP_IRQHandler                   0x080001b7   Thumb Code     0  startup_stm32f407xx.o(.text)
    PVD_IRQHandler                           0x080001b7   Thumb Code     0  startup_stm32f407xx.o(.text)
    RCC_IRQHandler                           0x080001b7   Thumb Code     0  startup_stm32f407xx.o(.text)
    RTC_Alarm_IRQHandler                     0x080001b7   Thumb Code     0  startup_stm32f407xx.o(.text)
    RTC_WKUP_IRQHandler                      0x080001b7   Thumb Code     0  startup_stm32f407xx.o(.text)
    SDIO_IRQHandler                          0x080001b7   Thumb Code     0  startup_stm32f407xx.o(.text)
    SPI1_IRQHandler                          0x080001b7   Thumb Code     0  startup_stm32f407xx.o(.text)
    SPI2_IRQHandler                          0x080001b7   Thumb Code     0  startup_stm32f407xx.o(.text)
    SPI3_IRQHandler                          0x080001b7   Thumb Code     0  startup_stm32f407xx.o(.text)
    TAMP_STAMP_IRQHandler                    0x080001b7   Thumb Code     0  startup_stm32f407xx.o(.text)
    TIM1_CC_IRQHandler                       0x080001b7   Thumb Code     0  startup_stm32f407xx.o(.text)
    TIM1_TRG_COM_TIM11_IRQHandler            0x080001b7   Thumb Code     0  startup_stm32f407xx.o(.text)
    TIM1_UP_TIM10_IRQHandler                 0x080001b7   Thumb Code     0  startup_stm32f407xx.o(.text)
    TIM2_IRQHandler                          0x080001b7   Thumb Code     0  startup_stm32f407xx.o(.text)
    TIM3_IRQHandler                          0x080001b7   Thumb Code     0  startup_stm32f407xx.o(.text)
    TIM4_IRQHandler                          0x080001b7   Thumb Code     0  startup_stm32f407xx.o(.text)
    TIM5_IRQHandler                          0x080001b7   Thumb Code     0  startup_stm32f407xx.o(.text)
    TIM6_DAC_IRQHandler                      0x080001b7   Thumb Code     0  startup_stm32f407xx.o(.text)
    TIM8_BRK_TIM12_IRQHandler                0x080001b7   Thumb Code     0  startup_stm32f407xx.o(.text)
    TIM8_CC_IRQHandler                       0x080001b7   Thumb Code     0  startup_stm32f407xx.o(.text)
    TIM8_TRG_COM_TIM14_IRQHandler            0x080001b7   Thumb Code     0  startup_stm32f407xx.o(.text)
    TIM8_UP_TIM13_IRQHandler                 0x080001b7   Thumb Code     0  startup_stm32f407xx.o(.text)
    UART4_IRQHandler                         0x080001b7   Thumb Code     0  startup_stm32f407xx.o(.text)
    UART5_IRQHandler                         0x080001b7   Thumb Code     0  startup_stm32f407xx.o(.text)
    USART6_IRQHandler                        0x080001b7   Thumb Code     0  startup_stm32f407xx.o(.text)
    WWDG_IRQHandler                          0x080001b7   Thumb Code     0  startup_stm32f407xx.o(.text)
    __aeabi_uldivmod                         0x080001c1   Thumb Code    98  uldiv.o(.text)
    __aeabi_memcpy                           0x08000223   Thumb Code    36  memcpya.o(.text)
    __aeabi_memcpy4                          0x08000223   Thumb Code     0  memcpya.o(.text)
    __aeabi_memcpy8                          0x08000223   Thumb Code     0  memcpya.o(.text)
    __aeabi_memset                           0x08000247   Thumb Code    14  memseta.o(.text)
    __aeabi_memset4                          0x08000247   Thumb Code     0  memseta.o(.text)
    __aeabi_memset8                          0x08000247   Thumb Code     0  memseta.o(.text)
    __aeabi_memclr                           0x08000255   Thumb Code     4  memseta.o(.text)
    __aeabi_memclr4                          0x08000255   Thumb Code     0  memseta.o(.text)
    __aeabi_memclr8                          0x08000255   Thumb Code     0  memseta.o(.text)
    _memset$wrapper                          0x08000259   Thumb Code    18  memseta.o(.text)
    memcmp                                   0x0800026b   Thumb Code    26  memcmp.o(.text)
    __aeabi_llsl                             0x08000285   Thumb Code    30  llshl.o(.text)
    _ll_shift_l                              0x08000285   Thumb Code     0  llshl.o(.text)
    __aeabi_llsr                             0x080002a3   Thumb Code    32  llushr.o(.text)
    _ll_ushift_r                             0x080002a3   Thumb Code     0  llushr.o(.text)
    __scatterload                            0x080002c5   Thumb Code    28  init.o(.text)
    __scatterload_rt2                        0x080002c5   Thumb Code     0  init.o(.text)
    BusFault_Handler                         0x080002e9   Thumb Code     2  stm32f4xx_it.o(.text.BusFault_Handler)
    CSD_Move                                 0x080002ed   Thumb Code    26  control.o(.text.CSD_Move)
    DMA1_Stream1_IRQHandler                  0x08000309   Thumb Code    12  stm32f4xx_it.o(.text.DMA1_Stream1_IRQHandler)
    DMA1_Stream3_IRQHandler                  0x08000315   Thumb Code    12  stm32f4xx_it.o(.text.DMA1_Stream3_IRQHandler)
    DMA1_Stream5_IRQHandler                  0x08000321   Thumb Code    12  stm32f4xx_it.o(.text.DMA1_Stream5_IRQHandler)
    DMA1_Stream6_IRQHandler                  0x0800032d   Thumb Code    12  stm32f4xx_it.o(.text.DMA1_Stream6_IRQHandler)
    DMA2_Stream2_IRQHandler                  0x08000339   Thumb Code    12  stm32f4xx_it.o(.text.DMA2_Stream2_IRQHandler)
    DMA2_Stream7_IRQHandler                  0x08000345   Thumb Code    12  stm32f4xx_it.o(.text.DMA2_Stream7_IRQHandler)
    DebugMon_Handler                         0x08000351   Thumb Code     2  stm32f4xx_it.o(.text.DebugMon_Handler)
    Error_Handler                            0x08000355   Thumb Code    10  main.o(.text.Error_Handler)
    HAL_DMA_Abort                            0x08000361   Thumb Code   142  stm32f4xx_hal_dma.o(.text.HAL_DMA_Abort)
    HAL_DMA_Abort_IT                         0x080003f1   Thumb Code    36  stm32f4xx_hal_dma.o(.text.HAL_DMA_Abort_IT)
    HAL_DMA_IRQHandler                       0x08000415   Thumb Code   448  stm32f4xx_hal_dma.o(.text.HAL_DMA_IRQHandler)
    HAL_DMA_Init                             0x080005d5   Thumb Code   354  stm32f4xx_hal_dma.o(.text.HAL_DMA_Init)
    HAL_DMA_Start_IT                         0x08000739   Thumb Code   158  stm32f4xx_hal_dma.o(.text.HAL_DMA_Start_IT)
    HAL_GPIO_Init                            0x080007d9   Thumb Code   422  stm32f4xx_hal_gpio.o(.text.HAL_GPIO_Init)
    HAL_GPIO_WritePin                        0x08000981   Thumb Code    10  stm32f4xx_hal_gpio.o(.text.HAL_GPIO_WritePin)
    HAL_GetTick                              0x0800098d   Thumb Code    12  stm32f4xx_hal.o(.text.HAL_GetTick)
    HAL_IncTick                              0x08000999   Thumb Code    26  stm32f4xx_hal.o(.text.HAL_IncTick)
    HAL_Init                                 0x080009b5   Thumb Code    54  stm32f4xx_hal.o(.text.HAL_Init)
    HAL_InitTick                             0x080009ed   Thumb Code   188  stm32f4xx_hal_timebase_tim.o(.text.HAL_InitTick)
    HAL_MspInit                              0x08000aa9   Thumb Code    66  stm32f4xx_hal_msp.o(.text.HAL_MspInit)
    HAL_NVIC_EnableIRQ                       0x08000aed   Thumb Code    38  stm32f4xx_hal_cortex.o(.text.HAL_NVIC_EnableIRQ)
    HAL_NVIC_SetPriority                     0x08000b15   Thumb Code    86  stm32f4xx_hal_cortex.o(.text.HAL_NVIC_SetPriority)
    HAL_NVIC_SetPriorityGrouping             0x08000b6d   Thumb Code    32  stm32f4xx_hal_cortex.o(.text.HAL_NVIC_SetPriorityGrouping)
    HAL_RCC_ClockConfig                      0x08000b8d   Thumb Code   352  stm32f4xx_hal_rcc.o(.text.HAL_RCC_ClockConfig)
    HAL_RCC_GetClockConfig                   0x08000ced   Thumb Code    62  stm32f4xx_hal_rcc.o(.text.HAL_RCC_GetClockConfig)
    HAL_RCC_GetPCLK1Freq                     0x08000d2d   Thumb Code    38  stm32f4xx_hal_rcc.o(.text.HAL_RCC_GetPCLK1Freq)
    HAL_RCC_GetPCLK2Freq                     0x08000d55   Thumb Code    38  stm32f4xx_hal_rcc.o(.text.HAL_RCC_GetPCLK2Freq)
    HAL_RCC_GetSysClockFreq                  0x08000d7d   Thumb Code   108  stm32f4xx_hal_rcc.o(.text.HAL_RCC_GetSysClockFreq)
    HAL_RCC_OscConfig                        0x08000de9   Thumb Code   884  stm32f4xx_hal_rcc.o(.text.HAL_RCC_OscConfig)
    HAL_TIMEx_BreakCallback                  0x0800115d   Thumb Code     2  stm32f4xx_hal_tim_ex.o(.text.HAL_TIMEx_BreakCallback)
    HAL_TIMEx_CommutCallback                 0x08001161   Thumb Code     2  stm32f4xx_hal_tim_ex.o(.text.HAL_TIMEx_CommutCallback)
    HAL_TIMEx_ConfigBreakDeadTime            0x08001165   Thumb Code    76  stm32f4xx_hal_tim_ex.o(.text.HAL_TIMEx_ConfigBreakDeadTime)
    HAL_TIMEx_MasterConfigSynchronization    0x080011b1   Thumb Code   182  stm32f4xx_hal_tim_ex.o(.text.HAL_TIMEx_MasterConfigSynchronization)
    HAL_TIM_Base_Init                        0x08001269   Thumb Code    90  stm32f4xx_hal_tim.o(.text.HAL_TIM_Base_Init)
    HAL_TIM_Base_MspInit                     0x080012c5   Thumb Code   350  tim.o(.text.HAL_TIM_Base_MspInit)
    HAL_TIM_Base_Start_IT                    0x08001425   Thumb Code   170  stm32f4xx_hal_tim.o(.text.HAL_TIM_Base_Start_IT)
    HAL_TIM_ConfigClockSource                0x080014d1   Thumb Code   412  stm32f4xx_hal_tim.o(.text.HAL_TIM_ConfigClockSource)
    HAL_TIM_IC_CaptureCallback               0x0800166d   Thumb Code     2  stm32f4xx_hal_tim.o(.text.HAL_TIM_IC_CaptureCallback)
    HAL_TIM_IRQHandler                       0x08001671   Thumb Code   368  stm32f4xx_hal_tim.o(.text.HAL_TIM_IRQHandler)
    HAL_TIM_MspPostInit                      0x080017e1   Thumb Code   630  tim.o(.text.HAL_TIM_MspPostInit)
    HAL_TIM_OC_DelayElapsedCallback          0x08001a59   Thumb Code     2  stm32f4xx_hal_tim.o(.text.HAL_TIM_OC_DelayElapsedCallback)
    HAL_TIM_PWM_ConfigChannel                0x08001a5d   Thumb Code   546  stm32f4xx_hal_tim.o(.text.HAL_TIM_PWM_ConfigChannel)
    HAL_TIM_PWM_Init                         0x08001c81   Thumb Code    90  stm32f4xx_hal_tim.o(.text.HAL_TIM_PWM_Init)
    HAL_TIM_PWM_MspInit                      0x08001cdd   Thumb Code     2  stm32f4xx_hal_tim.o(.text.HAL_TIM_PWM_MspInit)
    HAL_TIM_PWM_PulseFinishedCallback        0x08001ce1   Thumb Code     2  stm32f4xx_hal_tim.o(.text.HAL_TIM_PWM_PulseFinishedCallback)
    HAL_TIM_PWM_Start                        0x08001ce5   Thumb Code   274  stm32f4xx_hal_tim.o(.text.HAL_TIM_PWM_Start)
    HAL_TIM_PeriodElapsedCallback            0x08001df9   Thumb Code    20  main.o(.text.HAL_TIM_PeriodElapsedCallback)
    HAL_TIM_TriggerCallback                  0x08001e0d   Thumb Code     2  stm32f4xx_hal_tim.o(.text.HAL_TIM_TriggerCallback)
    HAL_UARTEx_ReceiveToIdle_DMA             0x08001e11   Thumb Code   482  stm32f4xx_hal_uart.o(.text.HAL_UARTEx_ReceiveToIdle_DMA)
    HAL_UARTEx_RxEventCallback               0x08001ff5   Thumb Code    80  freertos.o(.text.HAL_UARTEx_RxEventCallback)
    HAL_UART_DMAStop                         0x08002045   Thumb Code   540  stm32f4xx_hal_uart.o(.text.HAL_UART_DMAStop)
    HAL_UART_ErrorCallback                   0x08002261   Thumb Code     2  stm32f4xx_hal_uart.o(.text.HAL_UART_ErrorCallback)
    HAL_UART_IRQHandler                      0x08002265   Thumb Code  1380  stm32f4xx_hal_uart.o(.text.HAL_UART_IRQHandler)
    HAL_UART_Init                            0x080027c9   Thumb Code    94  stm32f4xx_hal_uart.o(.text.HAL_UART_Init)
    HAL_UART_MspInit                         0x08002829   Thumb Code   694  usart.o(.text.HAL_UART_MspInit)
    HAL_UART_RxCpltCallback                  0x08002ae1   Thumb Code     2  stm32f4xx_hal_uart.o(.text.HAL_UART_RxCpltCallback)
    HAL_UART_RxHalfCpltCallback              0x08002ae5   Thumb Code     2  stm32f4xx_hal_uart.o(.text.HAL_UART_RxHalfCpltCallback)
    HAL_UART_Transmit                        0x08002ae9   Thumb Code   646  stm32f4xx_hal_uart.o(.text.HAL_UART_Transmit)
    HAL_UART_TxCpltCallback                  0x08002d71   Thumb Code     2  stm32f4xx_hal_uart.o(.text.HAL_UART_TxCpltCallback)
    HardFault_Handler                        0x08002d75   Thumb Code     2  stm32f4xx_it.o(.text.HardFault_Handler)
    LP_start                                 0x08002d79   Thumb Code   110  control.o(.text.LP_start)
    MX_DMA_Init                              0x08002de9   Thumb Code   156  dma.o(.text.MX_DMA_Init)
    MX_FREERTOS_Init                         0x08002e85   Thumb Code    78  freertos.o(.text.MX_FREERTOS_Init)
    MX_GPIO_Init                             0x08002ed5   Thumb Code   274  gpio.o(.text.MX_GPIO_Init)
    MX_TIM12_Init                            0x08002fe9   Thumb Code   198  tim.o(.text.MX_TIM12_Init)
    MX_TIM1_Init                             0x080030b1   Thumb Code   346  tim.o(.text.MX_TIM1_Init)
    MX_TIM2_Init                             0x0800320d   Thumb Code   274  tim.o(.text.MX_TIM2_Init)
    MX_TIM3_Init                             0x08003321   Thumb Code   278  tim.o(.text.MX_TIM3_Init)
    MX_TIM4_Init                             0x08003439   Thumb Code   276  tim.o(.text.MX_TIM4_Init)
    MX_TIM8_Init                             0x0800354d   Thumb Code   322  tim.o(.text.MX_TIM8_Init)
    MX_TIM9_Init                             0x08003691   Thumb Code   200  tim.o(.text.MX_TIM9_Init)
    MX_USART1_UART_Init                      0x08003759   Thumb Code    60  usart.o(.text.MX_USART1_UART_Init)
    MX_USART2_UART_Init                      0x08003795   Thumb Code    60  usart.o(.text.MX_USART2_UART_Init)
    MX_USART3_UART_Init                      0x080037d1   Thumb Code    60  usart.o(.text.MX_USART3_UART_Init)
    MemManage_Handler                        0x0800380d   Thumb Code     2  stm32f4xx_it.o(.text.MemManage_Handler)
    NMI_Handler                              0x08003811   Thumb Code     2  stm32f4xx_it.o(.text.NMI_Handler)
    PendSV_Handler                           0x08003821   Thumb Code   100  port.o(.text.PendSV_Handler)
    SE_init                                  0x08003885   Thumb Code   258  control.o(.text.SE_init)
    SVC_Handler                              0x08003991   Thumb Code    36  port.o(.text.SVC_Handler)
    StartMainTask                            0x080039b5   Thumb Code   256  freertos.o(.text.StartMainTask)
    StartStateUart                           0x08003ab5   Thumb Code    72  freertos.o(.text.StartStateUart)
    SysTick_Handler                          0x08003b0d   Thumb Code    30  cmsis_os2.o(.text.SysTick_Handler)
    SystemClock_Config                       0x08003b2d   Thumb Code   176  main.o(.text.SystemClock_Config)
    SystemInit                               0x08003bdd   Thumb Code    18  system_stm32f4xx.o(.text.SystemInit)
    TIM1_BRK_TIM9_IRQHandler                 0x08003bf1   Thumb Code    30  stm32f4xx_it.o(.text.TIM1_BRK_TIM9_IRQHandler)
    TIM7_IRQHandler                          0x08003c11   Thumb Code    12  stm32f4xx_it.o(.text.TIM7_IRQHandler)
    TIM_Base_SetConfig                       0x08003c1d   Thumb Code   316  stm32f4xx_hal_tim.o(.text.TIM_Base_SetConfig)
    USART1_IRQHandler                        0x08004241   Thumb Code    12  stm32f4xx_it.o(.text.USART1_IRQHandler)
    USART2_IRQHandler                        0x0800424d   Thumb Code    12  stm32f4xx_it.o(.text.USART2_IRQHandler)
    USART3_IRQHandler                        0x08004259   Thumb Code    12  stm32f4xx_it.o(.text.USART3_IRQHandler)
    UsageFault_Handler                       0x08004265   Thumb Code     2  stm32f4xx_it.o(.text.UsageFault_Handler)
    ZZ_start                                 0x08004269   Thumb Code   218  control.o(.text.ZZ_start)
    fputc                                    0x08004345   Thumb Code    32  usart.o(.text.fputc)
    main                                     0x08004365   Thumb Code    70  main.o(.text.main)
    osDelay                                  0x080043ad   Thumb Code    32  cmsis_os2.o(.text.osDelay)
    osKernelInitialize                       0x080043cd   Thumb Code    40  cmsis_os2.o(.text.osKernelInitialize)
    osKernelStart                            0x080043f5   Thumb Code    60  cmsis_os2.o(.text.osKernelStart)
    osMessageQueueGet                        0x08004431   Thumb Code   136  cmsis_os2.o(.text.osMessageQueueGet)
    osMessageQueueNew                        0x080044b9   Thumb Code   148  cmsis_os2.o(.text.osMessageQueueNew)
    osMessageQueuePut                        0x0800454d   Thumb Code   168  cmsis_os2.o(.text.osMessageQueuePut)
    osThreadNew                              0x080045f5   Thumb Code   174  cmsis_os2.o(.text.osThreadNew)
    pvPortMalloc                             0x08004f49   Thumb Code   522  heap_4.o(.text.pvPortMalloc)
    pxPortInitialiseStack                    0x08005155   Thumb Code    40  port.o(.text.pxPortInitialiseStack)
    uxListRemove                             0x0800517d   Thumb Code    36  list.o(.text.uxListRemove)
    vApplicationGetIdleTaskMemory            0x080051a1   Thumb Code    26  cmsis_os2.o(.text.vApplicationGetIdleTaskMemory)
    vApplicationGetTimerTaskMemory           0x080051bd   Thumb Code    28  cmsis_os2.o(.text.vApplicationGetTimerTaskMemory)
    vListInitialise                          0x080051d9   Thumb Code    22  list.o(.text.vListInitialise)
    vListInitialiseItem                      0x080051f1   Thumb Code     6  list.o(.text.vListInitialiseItem)
    vListInsert                              0x080051f9   Thumb Code    98  list.o(.text.vListInsert)
    vListInsertEnd                           0x0800525d   Thumb Code    28  list.o(.text.vListInsertEnd)
    vPortEnterCritical                       0x0800528d   Thumb Code    70  port.o(.text.vPortEnterCritical)
    vPortExitCritical                        0x080052d5   Thumb Code    46  port.o(.text.vPortExitCritical)
    vPortFree                                0x08005305   Thumb Code   212  heap_4.o(.text.vPortFree)
    vPortSetupTimerInterrupt                 0x080053d9   Thumb Code    52  port.o(.text.vPortSetupTimerInterrupt)
    vPortValidateInterruptPriority           0x0800540d   Thumb Code    94  port.o(.text.vPortValidateInterruptPriority)
    vQueueAddToRegistry                      0x0800546d   Thumb Code   176  queue.o(.text.vQueueAddToRegistry)
    vQueueWaitForMessageRestricted           0x0800551d   Thumb Code    82  queue.o(.text.vQueueWaitForMessageRestricted)
    vTaskDelay                               0x08005571   Thumb Code   128  tasks.o(.text.vTaskDelay)
    vTaskInternalSetTimeOutState             0x080055f1   Thumb Code    18  tasks.o(.text.vTaskInternalSetTimeOutState)
    vTaskMissedYield                         0x08005605   Thumb Code    14  tasks.o(.text.vTaskMissedYield)
    vTaskPlaceOnEventList                    0x08005615   Thumb Code   116  tasks.o(.text.vTaskPlaceOnEventList)
    vTaskPlaceOnEventListRestricted          0x08005689   Thumb Code   122  tasks.o(.text.vTaskPlaceOnEventListRestricted)
    vTaskStartScheduler                      0x08005705   Thumb Code   232  tasks.o(.text.vTaskStartScheduler)
    vTaskSuspendAll                          0x080057f5   Thumb Code    16  tasks.o(.text.vTaskSuspendAll)
    vTaskSwitchContext                       0x08005805   Thumb Code   188  tasks.o(.text.vTaskSwitchContext)
    xPortStartScheduler                      0x080058c1   Thumb Code   388  port.o(.text.xPortStartScheduler)
    xPortSysTickHandler                      0x08005a45   Thumb Code    46  port.o(.text.xPortSysTickHandler)
    xQueueGenericCreate                      0x08005a75   Thumb Code   134  queue.o(.text.xQueueGenericCreate)
    xQueueGenericCreateStatic                0x08005afd   Thumb Code   222  queue.o(.text.xQueueGenericCreateStatic)
    xQueueGenericSend                        0x08005bdd   Thumb Code   554  queue.o(.text.xQueueGenericSend)
    xQueueGenericSendFromISR                 0x08005e09   Thumb Code   344  queue.o(.text.xQueueGenericSendFromISR)
    xQueueReceive                            0x08005f61   Thumb Code   418  queue.o(.text.xQueueReceive)
    xQueueReceiveFromISR                     0x08006105   Thumb Code   228  queue.o(.text.xQueueReceiveFromISR)
    xTaskCheckForTimeOut                     0x080061e9   Thumb Code   162  tasks.o(.text.xTaskCheckForTimeOut)
    xTaskCreate                              0x0800628d   Thumb Code    96  tasks.o(.text.xTaskCreate)
    xTaskCreateStatic                        0x080062ed   Thumb Code   118  tasks.o(.text.xTaskCreateStatic)
    xTaskGetSchedulerState                   0x08006365   Thumb Code    30  tasks.o(.text.xTaskGetSchedulerState)
    xTaskGetTickCount                        0x08006385   Thumb Code    12  tasks.o(.text.xTaskGetTickCount)
    xTaskIncrementTick                       0x08006391   Thumb Code   260  tasks.o(.text.xTaskIncrementTick)
    xTaskPriorityDisinherit                  0x08006495   Thumb Code   138  tasks.o(.text.xTaskPriorityDisinherit)
    xTaskRemoveFromEventList                 0x08006521   Thumb Code   114  tasks.o(.text.xTaskRemoveFromEventList)
    xTaskResumeAll                           0x08006595   Thumb Code   238  tasks.o(.text.xTaskResumeAll)
    xTimerCreateTimerTask                    0x08006685   Thumb Code   172  timers.o(.text.xTimerCreateTimerTask)
    __scatterload_copy                       0x08006739   Thumb Code    14  handlers.o(i.__scatterload_copy)
    __scatterload_null                       0x08006747   Thumb Code     2  handlers.o(i.__scatterload_null)
    __scatterload_zeroinit                   0x08006749   Thumb Code    14  handlers.o(i.__scatterload_zeroinit)
    puts                                     0x08006759   Thumb Code    30  puts.o(i.puts)
    AHBPrescTable                            0x0800677c   Data          16  system_stm32f4xx.o(.rodata.AHBPrescTable)
    APBPrescTable                            0x0800678c   Data           8  system_stm32f4xx.o(.rodata.APBPrescTable)
    MainTask_attributes                      0x08006794   Data          36  freertos.o(.rodata.MainTask_attributes)
    TaskState_attributes                     0x080067b8   Data          36  freertos.o(.rodata.TaskState_attributes)
    myQueue01_attributes                     0x080067e4   Data          24  freertos.o(.rodata.myQueue01_attributes)
    Region$$Table$$Base                      0x08006820   Number         0  anon$$obj.o(Region$$Table)
    Region$$Table$$Limit                     0x08006840   Number         0  anon$$obj.o(Region$$Table)
    uwTickFreq                               0x20000000   Data           1  stm32f4xx_hal.o(.data..L_MergedGlobals)
    uwTickPrio                               0x20000004   Data           4  stm32f4xx_hal.o(.data..L_MergedGlobals)
    SystemCoreClock                          0x20000008   Data           4  system_stm32f4xx.o(.data.SystemCoreClock)
    start                                    0x20000010   Data           1  freertos.o(.bss..L_MergedGlobals)
    myQueue01Handle                          0x20000014   Data           4  freertos.o(.bss..L_MergedGlobals)
    MainTaskHandle                           0x20000018   Data           4  freertos.o(.bss..L_MergedGlobals)
    TaskStateHandle                          0x2000001c   Data           4  freertos.o(.bss..L_MergedGlobals)
    pxCurrentTCB                             0x20000020   Data           4  tasks.o(.bss..L_MergedGlobals)
    __stdout                                 0x20000128   Data          84  usart.o(.bss.__stdout)
    hdma_usart1_rx                           0x2000017c   Data          96  usart.o(.bss.hdma_usart1_rx)
    hdma_usart1_tx                           0x200001dc   Data          96  usart.o(.bss.hdma_usart1_tx)
    hdma_usart2_rx                           0x2000023c   Data          96  usart.o(.bss.hdma_usart2_rx)
    hdma_usart2_tx                           0x2000029c   Data          96  usart.o(.bss.hdma_usart2_tx)
    hdma_usart3_rx                           0x200002fc   Data          96  usart.o(.bss.hdma_usart3_rx)
    hdma_usart3_tx                           0x2000035c   Data          96  usart.o(.bss.hdma_usart3_tx)
    htim1                                    0x200003bc   Data          72  tim.o(.bss.htim1)
    htim12                                   0x20000404   Data          72  tim.o(.bss.htim12)
    htim2                                    0x2000044c   Data          72  tim.o(.bss.htim2)
    htim3                                    0x20000494   Data          72  tim.o(.bss.htim3)
    htim4                                    0x200004dc   Data          72  tim.o(.bss.htim4)
    htim7                                    0x20000524   Data          72  stm32f4xx_hal_timebase_tim.o(.bss.htim7)
    htim8                                    0x2000056c   Data          72  tim.o(.bss.htim8)
    htim9                                    0x200005b4   Data          72  tim.o(.bss.htim9)
    huart1                                   0x200005fc   Data          68  usart.o(.bss.huart1)
    huart2                                   0x20000640   Data          68  usart.o(.bss.huart2)
    huart3                                   0x20000684   Data          68  usart.o(.bss.huart3)
    rx_buf                                   0x20000c18   Data         128  freertos.o(.bss.rx_buf)
    uwTick                                   0x20004898   Data           4  stm32f4xx_hal.o(.bss.uwTick)
    xQueueRegistry                           0x20004f54   Data          64  queue.o(.bss.xQueueRegistry)
    __initial_sp                             0x20005398   Data           0  startup_stm32f407xx.o(STACK)



==============================================================================

Memory Map of the image

  Image Entry point : 0x08000189

  Load Region LR_IROM1 (Base: 0x08000000, Size: 0x00006850, Max: 0x00080000, ABSOLUTE)

    Execution Region ER_IROM1 (Exec base: 0x08000000, Load base: 0x08000000, Size: 0x00006840, Max: 0x00080000, ABSOLUTE)

    Exec Addr    Load Addr    Size         Type   Attr      Idx    E Section Name        Object

    0x08000000   0x08000000   0x00000188   Data   RO            3    RESET               startup_stm32f407xx.o
    0x08000188   0x08000188   0x00000000   Code   RO         1634  * .ARM.Collect$$$$00000000  mc_w.l(entry.o)
    0x08000188   0x08000188   0x00000004   Code   RO         1651    .ARM.Collect$$$$00000001  mc_w.l(entry2.o)
    0x0800018c   0x0800018c   0x00000004   Code   RO         1654    .ARM.Collect$$$$00000004  mc_w.l(entry5.o)
    0x08000190   0x08000190   0x00000000   Code   RO         1656    .ARM.Collect$$$$00000008  mc_w.l(entry7b.o)
    0x08000190   0x08000190   0x00000000   Code   RO         1658    .ARM.Collect$$$$0000000A  mc_w.l(entry8b.o)
    0x08000190   0x08000190   0x00000008   Code   RO         1659    .ARM.Collect$$$$0000000B  mc_w.l(entry9a.o)
    0x08000198   0x08000198   0x00000000   Code   RO         1661    .ARM.Collect$$$$0000000D  mc_w.l(entry10a.o)
    0x08000198   0x08000198   0x00000000   Code   RO         1663    .ARM.Collect$$$$0000000F  mc_w.l(entry11a.o)
    0x08000198   0x08000198   0x00000004   Code   RO         1652    .ARM.Collect$$$$00002712  mc_w.l(entry2.o)
    0x0800019c   0x0800019c   0x00000024   Code   RO            4    .text               startup_stm32f407xx.o
    0x080001c0   0x080001c0   0x00000062   Code   RO         1641    .text               mc_w.l(uldiv.o)
    0x08000222   0x08000222   0x00000024   Code   RO         1643    .text               mc_w.l(memcpya.o)
    0x08000246   0x08000246   0x00000024   Code   RO         1645    .text               mc_w.l(memseta.o)
    0x0800026a   0x0800026a   0x0000001a   Code   RO         1647    .text               mc_w.l(memcmp.o)
    0x08000284   0x08000284   0x0000001e   Code   RO         1665    .text               mc_w.l(llshl.o)
    0x080002a2   0x080002a2   0x00000020   Code   RO         1667    .text               mc_w.l(llushr.o)
    0x080002c2   0x080002c2   0x00000002   PAD
    0x080002c4   0x080002c4   0x00000024   Code   RO         1669    .text               mc_w.l(init.o)
    0x080002e8   0x080002e8   0x00000002   Code   RO          139    .text.BusFault_Handler  stm32f4xx_it.o
    0x080002ea   0x080002ea   0x00000002   PAD
    0x080002ec   0x080002ec   0x0000001a   Code   RO         1613    .text.CSD_Move      control.o
    0x08000306   0x08000306   0x00000002   PAD
    0x08000308   0x08000308   0x0000000c   Code   RO          145    .text.DMA1_Stream1_IRQHandler  stm32f4xx_it.o
    0x08000314   0x08000314   0x0000000c   Code   RO          147    .text.DMA1_Stream3_IRQHandler  stm32f4xx_it.o
    0x08000320   0x08000320   0x0000000c   Code   RO          149    .text.DMA1_Stream5_IRQHandler  stm32f4xx_it.o
    0x0800032c   0x0800032c   0x0000000c   Code   RO          151    .text.DMA1_Stream6_IRQHandler  stm32f4xx_it.o
    0x08000338   0x08000338   0x0000000c   Code   RO          163    .text.DMA2_Stream2_IRQHandler  stm32f4xx_it.o
    0x08000344   0x08000344   0x0000000c   Code   RO          165    .text.DMA2_Stream7_IRQHandler  stm32f4xx_it.o
    0x08000350   0x08000350   0x00000002   Code   RO          143    .text.DebugMon_Handler  stm32f4xx_it.o
    0x08000352   0x08000352   0x00000002   PAD
    0x08000354   0x08000354   0x0000000a   Code   RO           15    .text.Error_Handler  main.o
    0x0800035e   0x0800035e   0x00000002   PAD
    0x08000360   0x08000360   0x0000008e   Code   RO          354    .text.HAL_DMA_Abort  stm32f4xx_hal_dma.o
    0x080003ee   0x080003ee   0x00000002   PAD
    0x080003f0   0x080003f0   0x00000024   Code   RO          356    .text.HAL_DMA_Abort_IT  stm32f4xx_hal_dma.o
    0x08000414   0x08000414   0x000001c0   Code   RO          360    .text.HAL_DMA_IRQHandler  stm32f4xx_hal_dma.o
    0x080005d4   0x080005d4   0x00000162   Code   RO          346    .text.HAL_DMA_Init  stm32f4xx_hal_dma.o
    0x08000736   0x08000736   0x00000002   PAD
    0x08000738   0x08000738   0x0000009e   Code   RO          352    .text.HAL_DMA_Start_IT  stm32f4xx_hal_dma.o
    0x080007d6   0x080007d6   0x00000002   PAD
    0x080007d8   0x080007d8   0x000001a6   Code   RO          308    .text.HAL_GPIO_Init  stm32f4xx_hal_gpio.o
    0x0800097e   0x0800097e   0x00000002   PAD
    0x08000980   0x08000980   0x0000000a   Code   RO          314    .text.HAL_GPIO_WritePin  stm32f4xx_hal_gpio.o
    0x0800098a   0x0800098a   0x00000002   PAD
    0x0800098c   0x0800098c   0x0000000c   Code   RO          499    .text.HAL_GetTick   stm32f4xx_hal.o
    0x08000998   0x08000998   0x0000001a   Code   RO          497    .text.HAL_IncTick   stm32f4xx_hal.o
    0x080009b2   0x080009b2   0x00000002   PAD
    0x080009b4   0x080009b4   0x00000036   Code   RO          487    .text.HAL_Init      stm32f4xx_hal.o
    0x080009ea   0x080009ea   0x00000002   PAD
    0x080009ec   0x080009ec   0x000000bc   Code   RO          183    .text.HAL_InitTick  stm32f4xx_hal_timebase_tim.o
    0x08000aa8   0x08000aa8   0x00000042   Code   RO          174    .text.HAL_MspInit   stm32f4xx_hal_msp.o
    0x08000aea   0x08000aea   0x00000002   PAD
    0x08000aec   0x08000aec   0x00000026   Code   RO          445    .text.HAL_NVIC_EnableIRQ  stm32f4xx_hal_cortex.o
    0x08000b12   0x08000b12   0x00000002   PAD
    0x08000b14   0x08000b14   0x00000056   Code   RO          443    .text.HAL_NVIC_SetPriority  stm32f4xx_hal_cortex.o
    0x08000b6a   0x08000b6a   0x00000002   PAD
    0x08000b6c   0x08000b6c   0x00000020   Code   RO          441    .text.HAL_NVIC_SetPriorityGrouping  stm32f4xx_hal_cortex.o
    0x08000b8c   0x08000b8c   0x00000160   Code   RO          202    .text.HAL_RCC_ClockConfig  stm32f4xx_hal_rcc.o
    0x08000cec   0x08000cec   0x0000003e   Code   RO          220    .text.HAL_RCC_GetClockConfig  stm32f4xx_hal_rcc.o
    0x08000d2a   0x08000d2a   0x00000002   PAD
    0x08000d2c   0x08000d2c   0x00000026   Code   RO          214    .text.HAL_RCC_GetPCLK1Freq  stm32f4xx_hal_rcc.o
    0x08000d52   0x08000d52   0x00000002   PAD
    0x08000d54   0x08000d54   0x00000026   Code   RO          216    .text.HAL_RCC_GetPCLK2Freq  stm32f4xx_hal_rcc.o
    0x08000d7a   0x08000d7a   0x00000002   PAD
    0x08000d7c   0x08000d7c   0x0000006c   Code   RO          204    .text.HAL_RCC_GetSysClockFreq  stm32f4xx_hal_rcc.o
    0x08000de8   0x08000de8   0x00000374   Code   RO          200    .text.HAL_RCC_OscConfig  stm32f4xx_hal_rcc.o
    0x0800115c   0x0800115c   0x00000002   Code   RO          882    .text.HAL_TIMEx_BreakCallback  stm32f4xx_hal_tim_ex.o
    0x0800115e   0x0800115e   0x00000002   PAD
    0x08001160   0x08001160   0x00000002   Code   RO          878    .text.HAL_TIMEx_CommutCallback  stm32f4xx_hal_tim_ex.o
    0x08001162   0x08001162   0x00000002   PAD
    0x08001164   0x08001164   0x0000004c   Code   RO          874    .text.HAL_TIMEx_ConfigBreakDeadTime  stm32f4xx_hal_tim_ex.o
    0x080011b0   0x080011b0   0x000000b6   Code   RO          872    .text.HAL_TIMEx_MasterConfigSynchronization  stm32f4xx_hal_tim_ex.o
    0x08001266   0x08001266   0x00000002   PAD
    0x08001268   0x08001268   0x0000005a   Code   RO          577    .text.HAL_TIM_Base_Init  stm32f4xx_hal_tim.o
    0x080012c2   0x080012c2   0x00000002   PAD
    0x080012c4   0x080012c4   0x0000015e   Code   RO           84    .text.HAL_TIM_Base_MspInit  tim.o
    0x08001422   0x08001422   0x00000002   PAD
    0x08001424   0x08001424   0x000000aa   Code   RO          591    .text.HAL_TIM_Base_Start_IT  stm32f4xx_hal_tim.o
    0x080014ce   0x080014ce   0x00000002   PAD
    0x080014d0   0x080014d0   0x0000019c   Code   RO          757    .text.HAL_TIM_ConfigClockSource  stm32f4xx_hal_tim.o
    0x0800166c   0x0800166c   0x00000002   Code   RO          713    .text.HAL_TIM_IC_CaptureCallback  stm32f4xx_hal_tim.o
    0x0800166e   0x0800166e   0x00000002   PAD
    0x08001670   0x08001670   0x00000170   Code   RO          711    .text.HAL_TIM_IRQHandler  stm32f4xx_hal_tim.o
    0x080017e0   0x080017e0   0x00000276   Code   RO           70    .text.HAL_TIM_MspPostInit  tim.o
    0x08001a56   0x08001a56   0x00000002   PAD
    0x08001a58   0x08001a58   0x00000002   Code   RO          715    .text.HAL_TIM_OC_DelayElapsedCallback  stm32f4xx_hal_tim.o
    0x08001a5a   0x08001a5a   0x00000002   PAD
    0x08001a5c   0x08001a5c   0x00000222   Code   RO          731    .text.HAL_TIM_PWM_ConfigChannel  stm32f4xx_hal_tim.o
    0x08001c7e   0x08001c7e   0x00000002   PAD
    0x08001c80   0x08001c80   0x0000005a   Code   RO          631    .text.HAL_TIM_PWM_Init  stm32f4xx_hal_tim.o
    0x08001cda   0x08001cda   0x00000002   PAD
    0x08001cdc   0x08001cdc   0x00000002   Code   RO          633    .text.HAL_TIM_PWM_MspInit  stm32f4xx_hal_tim.o
    0x08001cde   0x08001cde   0x00000002   PAD
    0x08001ce0   0x08001ce0   0x00000002   Code   RO          717    .text.HAL_TIM_PWM_PulseFinishedCallback  stm32f4xx_hal_tim.o
    0x08001ce2   0x08001ce2   0x00000002   PAD
    0x08001ce4   0x08001ce4   0x00000112   Code   RO          639    .text.HAL_TIM_PWM_Start  stm32f4xx_hal_tim.o
    0x08001df6   0x08001df6   0x00000002   PAD
    0x08001df8   0x08001df8   0x00000014   Code   RO           17    .text.HAL_TIM_PeriodElapsedCallback  main.o
    0x08001e0c   0x08001e0c   0x00000002   Code   RO          721    .text.HAL_TIM_TriggerCallback  stm32f4xx_hal_tim.o
    0x08001e0e   0x08001e0e   0x00000002   PAD
    0x08001e10   0x08001e10   0x000001e2   Code   RO          944    .text.HAL_UARTEx_ReceiveToIdle_DMA  stm32f4xx_hal_uart.o
    0x08001ff2   0x08001ff2   0x00000002   PAD
    0x08001ff4   0x08001ff4   0x00000050   Code   RO           43    .text.HAL_UARTEx_RxEventCallback  freertos.o
    0x08002044   0x08002044   0x0000021c   Code   RO          938    .text.HAL_UART_DMAStop  stm32f4xx_hal_uart.o
    0x08002260   0x08002260   0x00000002   Code   RO          978    .text.HAL_UART_ErrorCallback  stm32f4xx_hal_uart.o
    0x08002262   0x08002262   0x00000002   PAD
    0x08002264   0x08002264   0x00000564   Code   RO          972    .text.HAL_UART_IRQHandler  stm32f4xx_hal_uart.o
    0x080027c8   0x080027c8   0x0000005e   Code   RO          896    .text.HAL_UART_Init  stm32f4xx_hal_uart.o
    0x08002826   0x08002826   0x00000002   PAD
    0x08002828   0x08002828   0x000002b6   Code   RO          111    .text.HAL_UART_MspInit  usart.o
    0x08002ade   0x08002ade   0x00000002   PAD
    0x08002ae0   0x08002ae0   0x00000002   Code   RO          986    .text.HAL_UART_RxCpltCallback  stm32f4xx_hal_uart.o
    0x08002ae2   0x08002ae2   0x00000002   PAD
    0x08002ae4   0x08002ae4   0x00000002   Code   RO          988    .text.HAL_UART_RxHalfCpltCallback  stm32f4xx_hal_uart.o
    0x08002ae6   0x08002ae6   0x00000002   PAD
    0x08002ae8   0x08002ae8   0x00000286   Code   RO          912    .text.HAL_UART_Transmit  stm32f4xx_hal_uart.o
    0x08002d6e   0x08002d6e   0x00000002   PAD
    0x08002d70   0x08002d70   0x00000002   Code   RO          982    .text.HAL_UART_TxCpltCallback  stm32f4xx_hal_uart.o
    0x08002d72   0x08002d72   0x00000002   PAD
    0x08002d74   0x08002d74   0x00000002   Code   RO          135    .text.HardFault_Handler  stm32f4xx_it.o
    0x08002d76   0x08002d76   0x00000002   PAD
    0x08002d78   0x08002d78   0x0000006e   Code   RO         1611    .text.LP_start      control.o
    0x08002de6   0x08002de6   0x00000002   PAD
    0x08002de8   0x08002de8   0x0000009c   Code   RO           59    .text.MX_DMA_Init   dma.o
    0x08002e84   0x08002e84   0x0000004e   Code   RO           37    .text.MX_FREERTOS_Init  freertos.o
    0x08002ed2   0x08002ed2   0x00000002   PAD
    0x08002ed4   0x08002ed4   0x00000112   Code   RO           28    .text.MX_GPIO_Init  gpio.o
    0x08002fe6   0x08002fe6   0x00000002   PAD
    0x08002fe8   0x08002fe8   0x000000c6   Code   RO           82    .text.MX_TIM12_Init  tim.o
    0x080030ae   0x080030ae   0x00000002   PAD
    0x080030b0   0x080030b0   0x0000015a   Code   RO           68    .text.MX_TIM1_Init  tim.o
    0x0800320a   0x0800320a   0x00000002   PAD
    0x0800320c   0x0800320c   0x00000112   Code   RO           72    .text.MX_TIM2_Init  tim.o
    0x0800331e   0x0800331e   0x00000002   PAD
    0x08003320   0x08003320   0x00000116   Code   RO           74    .text.MX_TIM3_Init  tim.o
    0x08003436   0x08003436   0x00000002   PAD
    0x08003438   0x08003438   0x00000114   Code   RO           76    .text.MX_TIM4_Init  tim.o
    0x0800354c   0x0800354c   0x00000142   Code   RO           78    .text.MX_TIM8_Init  tim.o
    0x0800368e   0x0800368e   0x00000002   PAD
    0x08003690   0x08003690   0x000000c8   Code   RO           80    .text.MX_TIM9_Init  tim.o
    0x08003758   0x08003758   0x0000003c   Code   RO          105    .text.MX_USART1_UART_Init  usart.o
    0x08003794   0x08003794   0x0000003c   Code   RO          107    .text.MX_USART2_UART_Init  usart.o
    0x080037d0   0x080037d0   0x0000003c   Code   RO          109    .text.MX_USART3_UART_Init  usart.o
    0x0800380c   0x0800380c   0x00000002   Code   RO          137    .text.MemManage_Handler  stm32f4xx_it.o
    0x0800380e   0x0800380e   0x00000002   PAD
    0x08003810   0x08003810   0x00000002   Code   RO          133    .text.NMI_Handler   stm32f4xx_it.o
    0x08003812   0x08003812   0x0000000e   PAD
    0x08003820   0x08003820   0x00000064   Code   RO         1585    .text.PendSV_Handler  port.o
    0x08003884   0x08003884   0x00000102   Code   RO         1601    .text.SE_init       control.o
    0x08003986   0x08003986   0x0000000a   PAD
    0x08003990   0x08003990   0x00000024   Code   RO         1569    .text.SVC_Handler   port.o
    0x080039b4   0x080039b4   0x00000100   Code   RO           39    .text.StartMainTask  freertos.o
    0x08003ab4   0x08003ab4   0x00000058   Code   RO           41    .text.StartStateUart  freertos.o
    0x08003b0c   0x08003b0c   0x0000001e   Code   RO         1380    .text.SysTick_Handler  cmsis_os2.o
    0x08003b2a   0x08003b2a   0x00000002   PAD
    0x08003b2c   0x08003b2c   0x000000b0   Code   RO           13    .text.SystemClock_Config  main.o
    0x08003bdc   0x08003bdc   0x00000012   Code   RO         1016    .text.SystemInit    system_stm32f4xx.o
    0x08003bee   0x08003bee   0x00000002   PAD
    0x08003bf0   0x08003bf0   0x0000001e   Code   RO          153    .text.TIM1_BRK_TIM9_IRQHandler  stm32f4xx_it.o
    0x08003c0e   0x08003c0e   0x00000002   PAD
    0x08003c10   0x08003c10   0x0000000c   Code   RO          161    .text.TIM7_IRQHandler  stm32f4xx_it.o
    0x08003c1c   0x08003c1c   0x0000013c   Code   RO          581    .text.TIM_Base_SetConfig  stm32f4xx_hal_tim.o
    0x08003d58   0x08003d58   0x0000000c   Code   RO          976    .text.UART_DMAAbortOnError  stm32f4xx_hal_uart.o
    0x08003d64   0x08003d64   0x0000017c   Code   RO          928    .text.UART_DMAError  stm32f4xx_hal_uart.o
    0x08003ee0   0x08003ee0   0x0000015a   Code   RO         1004    .text.UART_DMAReceiveCplt  stm32f4xx_hal_uart.o
    0x0800403a   0x0800403a   0x00000002   PAD
    0x0800403c   0x0800403c   0x00000014   Code   RO         1006    .text.UART_DMARxHalfCplt  stm32f4xx_hal_uart.o
    0x08004050   0x08004050   0x000000fe   Code   RO          974    .text.UART_Receive_IT  stm32f4xx_hal_uart.o
    0x0800414e   0x0800414e   0x00000002   PAD
    0x08004150   0x08004150   0x000000ee   Code   RO          900    .text.UART_SetConfig  stm32f4xx_hal_uart.o
    0x0800423e   0x0800423e   0x00000002   PAD
    0x08004240   0x08004240   0x0000000c   Code   RO          155    .text.USART1_IRQHandler  stm32f4xx_it.o
    0x0800424c   0x0800424c   0x0000000c   Code   RO          157    .text.USART2_IRQHandler  stm32f4xx_it.o
    0x08004258   0x08004258   0x0000000c   Code   RO          159    .text.USART3_IRQHandler  stm32f4xx_it.o
    0x08004264   0x08004264   0x00000002   Code   RO          141    .text.UsageFault_Handler  stm32f4xx_it.o
    0x08004266   0x08004266   0x00000002   PAD
    0x08004268   0x08004268   0x000000da   Code   RO         1615    .text.ZZ_start      control.o
    0x08004342   0x08004342   0x00000002   PAD
    0x08004344   0x08004344   0x00000020   Code   RO          103    .text.fputc         usart.o
    0x08004364   0x08004364   0x00000046   Code   RO           11    .text.main          main.o
    0x080043aa   0x080043aa   0x00000002   PAD
    0x080043ac   0x080043ac   0x00000020   Code   RO         1440    .text.osDelay       cmsis_os2.o
    0x080043cc   0x080043cc   0x00000028   Code   RO         1382    .text.osKernelInitialize  cmsis_os2.o
    0x080043f4   0x080043f4   0x0000003c   Code   RO         1388    .text.osKernelStart  cmsis_os2.o
    0x08004430   0x08004430   0x00000088   Code   RO         1494    .text.osMessageQueueGet  cmsis_os2.o
    0x080044b8   0x080044b8   0x00000094   Code   RO         1490    .text.osMessageQueueNew  cmsis_os2.o
    0x0800454c   0x0800454c   0x000000a8   Code   RO         1492    .text.osMessageQueuePut  cmsis_os2.o
    0x080045f4   0x080045f4   0x000000ae   Code   RO         1404    .text.osThreadNew   cmsis_os2.o
    0x080046a2   0x080046a2   0x00000002   PAD
    0x080046a4   0x080046a4   0x0000028a   Code   RO         1215    .text.prvAddNewTaskToReadyList  tasks.o
    0x0800492e   0x0800492e   0x00000002   PAD
    0x08004930   0x08004930   0x00000086   Code   RO         1247    .text.prvIdleTask   tasks.o
    0x080049b6   0x080049b6   0x00000002   PAD
    0x080049b8   0x080049b8   0x00000128   Code   RO         1213    .text.prvInitialiseNewTask  tasks.o
    0x08004ae0   0x08004ae0   0x00000028   Code   RO         1577    .text.prvPortStartFirstTask  port.o
    0x08004b08   0x08004b08   0x0000003e   Code   RO         1567    .text.prvTaskExitError  port.o
    0x08004b46   0x08004b46   0x00000002   PAD
    0x08004b48   0x08004b48   0x0000038a   Code   RO         1332    .text.prvTimerTask  timers.o
    0x08004ed2   0x08004ed2   0x00000002   PAD
    0x08004ed4   0x08004ed4   0x00000074   Code   RO         1112    .text.prvUnlockQueue  queue.o
    0x08004f48   0x08004f48   0x0000020a   Code   RO         1543    .text.pvPortMalloc  heap_4.o
    0x08005152   0x08005152   0x00000002   PAD
    0x08005154   0x08005154   0x00000028   Code   RO         1565    .text.pxPortInitialiseStack  port.o
    0x0800517c   0x0800517c   0x00000024   Code   RO         1076    .text.uxListRemove  list.o
    0x080051a0   0x080051a0   0x0000001a   Code   RO         1526    .text.vApplicationGetIdleTaskMemory  cmsis_os2.o
    0x080051ba   0x080051ba   0x00000002   PAD
    0x080051bc   0x080051bc   0x0000001c   Code   RO         1528    .text.vApplicationGetTimerTaskMemory  cmsis_os2.o
    0x080051d8   0x080051d8   0x00000016   Code   RO         1068    .text.vListInitialise  list.o
    0x080051ee   0x080051ee   0x00000002   PAD
    0x080051f0   0x080051f0   0x00000006   Code   RO         1070    .text.vListInitialiseItem  list.o
    0x080051f6   0x080051f6   0x00000002   PAD
    0x080051f8   0x080051f8   0x00000062   Code   RO         1074    .text.vListInsert   list.o
    0x0800525a   0x0800525a   0x00000002   PAD
    0x0800525c   0x0800525c   0x0000001c   Code   RO         1072    .text.vListInsertEnd  list.o
    0x08005278   0x08005278   0x00000014   Code   RO         1575    .text.vPortEnableVFP  port.o
    0x0800528c   0x0800528c   0x00000046   Code   RO         1581    .text.vPortEnterCritical  port.o
    0x080052d2   0x080052d2   0x00000002   PAD
    0x080052d4   0x080052d4   0x0000002e   Code   RO         1583    .text.vPortExitCritical  port.o
    0x08005302   0x08005302   0x00000002   PAD
    0x08005304   0x08005304   0x000000d4   Code   RO         1545    .text.vPortFree     heap_4.o
    0x080053d8   0x080053d8   0x00000034   Code   RO         1573    .text.vPortSetupTimerInterrupt  port.o
    0x0800540c   0x0800540c   0x0000005e   Code   RO         1589    .text.vPortValidateInterruptPriority  port.o
    0x0800546a   0x0800546a   0x00000002   PAD
    0x0800546c   0x0800546c   0x000000b0   Code   RO         1146    .text.vQueueAddToRegistry  queue.o
    0x0800551c   0x0800551c   0x00000052   Code   RO         1150    .text.vQueueWaitForMessageRestricted  queue.o
    0x0800556e   0x0800556e   0x00000002   PAD
    0x08005570   0x08005570   0x00000080   Code   RO         1227    .text.vTaskDelay    tasks.o
    0x080055f0   0x080055f0   0x00000012   Code   RO         1277    .text.vTaskInternalSetTimeOutState  tasks.o
    0x08005602   0x08005602   0x00000002   PAD
    0x08005604   0x08005604   0x0000000e   Code   RO         1281    .text.vTaskMissedYield  tasks.o
    0x08005612   0x08005612   0x00000002   PAD
    0x08005614   0x08005614   0x00000074   Code   RO         1265    .text.vTaskPlaceOnEventList  tasks.o
    0x08005688   0x08005688   0x0000007a   Code   RO         1269    .text.vTaskPlaceOnEventListRestricted  tasks.o
    0x08005702   0x08005702   0x00000002   PAD
    0x08005704   0x08005704   0x000000f0   Code   RO         1245    .text.vTaskStartScheduler  tasks.o
    0x080057f4   0x080057f4   0x00000010   Code   RO         1223    .text.vTaskSuspendAll  tasks.o
    0x08005804   0x08005804   0x000000bc   Code   RO         1239    .text.vTaskSwitchContext  tasks.o
    0x080058c0   0x080058c0   0x00000184   Code   RO         1571    .text.xPortStartScheduler  port.o
    0x08005a44   0x08005a44   0x0000002e   Code   RO         1587    .text.xPortSysTickHandler  port.o
    0x08005a72   0x08005a72   0x00000002   PAD
    0x08005a74   0x08005a74   0x00000086   Code   RO         1090    .text.xQueueGenericCreate  queue.o
    0x08005afa   0x08005afa   0x00000002   PAD
    0x08005afc   0x08005afc   0x000000de   Code   RO         1088    .text.xQueueGenericCreateStatic  queue.o
    0x08005bda   0x08005bda   0x00000002   PAD
    0x08005bdc   0x08005bdc   0x0000022a   Code   RO         1102    .text.xQueueGenericSend  queue.o
    0x08005e06   0x08005e06   0x00000002   PAD
    0x08005e08   0x08005e08   0x00000158   Code   RO         1114    .text.xQueueGenericSendFromISR  queue.o
    0x08005f60   0x08005f60   0x000001a2   Code   RO         1118    .text.xQueueReceive  queue.o
    0x08006102   0x08006102   0x00000002   PAD
    0x08006104   0x08006104   0x000000e4   Code   RO         1122    .text.xQueueReceiveFromISR  queue.o
    0x080061e8   0x080061e8   0x000000a2   Code   RO         1279    .text.xTaskCheckForTimeOut  tasks.o
    0x0800628a   0x0800628a   0x00000002   PAD
    0x0800628c   0x0800628c   0x00000060   Code   RO         1217    .text.xTaskCreate   tasks.o
    0x080062ec   0x080062ec   0x00000076   Code   RO         1211    .text.xTaskCreateStatic  tasks.o
    0x08006362   0x08006362   0x00000002   PAD
    0x08006364   0x08006364   0x0000001e   Code   RO         1293    .text.xTaskGetSchedulerState  tasks.o
    0x08006382   0x08006382   0x00000002   PAD
    0x08006384   0x08006384   0x0000000c   Code   RO         1253    .text.xTaskGetTickCount  tasks.o
    0x08006390   0x08006390   0x00000104   Code   RO         1251    .text.xTaskIncrementTick  tasks.o
    0x08006494   0x08006494   0x0000008a   Code   RO         1297    .text.xTaskPriorityDisinherit  tasks.o
    0x0800651e   0x0800651e   0x00000002   PAD
    0x08006520   0x08006520   0x00000072   Code   RO         1271    .text.xTaskRemoveFromEventList  tasks.o
    0x08006592   0x08006592   0x00000002   PAD
    0x08006594   0x08006594   0x000000ee   Code   RO         1225    .text.xTaskResumeAll  tasks.o
    0x08006682   0x08006682   0x00000002   PAD
    0x08006684   0x08006684   0x000000b4   Code   RO         1330    .text.xTimerCreateTimerTask  timers.o
    0x08006738   0x08006738   0x0000000e   Code   RO         1673    i.__scatterload_copy  mc_w.l(handlers.o)
    0x08006746   0x08006746   0x00000002   Code   RO         1674    i.__scatterload_null  mc_w.l(handlers.o)
    0x08006748   0x08006748   0x0000000e   Code   RO         1675    i.__scatterload_zeroinit  mc_w.l(handlers.o)
    0x08006756   0x08006756   0x00000002   PAD
    0x08006758   0x08006758   0x00000024   Code   RO         1637    i.puts              mc_w.l(puts.o)
    0x0800677c   0x0800677c   0x00000010   Data   RO         1021    .rodata.AHBPrescTable  system_stm32f4xx.o
    0x0800678c   0x0800678c   0x00000008   Data   RO         1022    .rodata.APBPrescTable  system_stm32f4xx.o
    0x08006794   0x08006794   0x00000024   Data   RO           46    .rodata.MainTask_attributes  freertos.o
    0x080067b8   0x080067b8   0x00000024   Data   RO           47    .rodata.TaskState_attributes  freertos.o
    0x080067dc   0x080067dc   0x00000008   Data   RO          370    .rodata.cst8        stm32f4xx_hal_dma.o
    0x080067e4   0x080067e4   0x00000018   Data   RO           48    .rodata.myQueue01_attributes  freertos.o
    0x080067fc   0x080067fc   0x0000001d   Data   RO           45    .rodata.str1.1      freertos.o
    0x08006819   0x08006819   0x00000005   Data   RO         1370    .rodata.str1.1      timers.o
    0x0800681e   0x0800681e   0x00000002   PAD
    0x08006820   0x08006820   0x00000020   Data   RO         1672    Region$$Table       anon$$obj.o


    Execution Region RW_IRAM1 (Exec base: 0x20000000, Load base: 0x08006840, Size: 0x00005398, Max: 0x0001c000, ABSOLUTE)

    Exec Addr    Load Addr    Size         Type   Attr      Idx    E Section Name        Object

    0x20000000   0x08006840   0x00000008   Data   RW          542    .data..L_MergedGlobals  stm32f4xx_hal.o
    0x20000008   0x08006848   0x00000004   Data   RW         1020    .data.SystemCoreClock  system_stm32f4xx.o
    0x2000000c   0x0800684c   0x00000004   Data   RW         1591    .data.uxCriticalNesting  port.o
    0x20000010        -       0x00000010   Zero   RW           50    .bss..L_MergedGlobals  freertos.o
    0x20000020        -       0x00000078   Zero   RW         1320    .bss..L_MergedGlobals  tasks.o
    0x20000098        -       0x0000003c   Zero   RW         1371    .bss..L_MergedGlobals  timers.o
    0x200000d4        -       0x00000020   Zero   RW         1556    .bss..L_MergedGlobals  heap_4.o
    0x200000f4        -       0x00000008   Zero   RW         1592    .bss..L_MergedGlobals  port.o
    0x200000fc        -       0x00000028   Zero   RW         1321    .bss..L_MergedGlobals.1  tasks.o
    0x20000124        -       0x00000004   Zero   RW         1530    .bss.KernelState    cmsis_os2.o
    0x20000128        -       0x00000054   Zero   RW          124    .bss.__stdout       usart.o
    0x2000017c        -       0x00000060   Zero   RW          118    .bss.hdma_usart1_rx  usart.o
    0x200001dc        -       0x00000060   Zero   RW          119    .bss.hdma_usart1_tx  usart.o
    0x2000023c        -       0x00000060   Zero   RW          120    .bss.hdma_usart2_rx  usart.o
    0x2000029c        -       0x00000060   Zero   RW          121    .bss.hdma_usart2_tx  usart.o
    0x200002fc        -       0x00000060   Zero   RW          122    .bss.hdma_usart3_rx  usart.o
    0x2000035c        -       0x00000060   Zero   RW          123    .bss.hdma_usart3_tx  usart.o
    0x200003bc        -       0x00000048   Zero   RW           88    .bss.htim1          tim.o
    0x20000404        -       0x00000048   Zero   RW           94    .bss.htim12         tim.o
    0x2000044c        -       0x00000048   Zero   RW           89    .bss.htim2          tim.o
    0x20000494        -       0x00000048   Zero   RW           90    .bss.htim3          tim.o
    0x200004dc        -       0x00000048   Zero   RW           91    .bss.htim4          tim.o
    0x20000524        -       0x00000048   Zero   RW          189    .bss.htim7          stm32f4xx_hal_timebase_tim.o
    0x2000056c        -       0x00000048   Zero   RW           92    .bss.htim8          tim.o
    0x200005b4        -       0x00000048   Zero   RW           93    .bss.htim9          tim.o
    0x200005fc        -       0x00000044   Zero   RW          115    .bss.huart1         usart.o
    0x20000640        -       0x00000044   Zero   RW          116    .bss.huart2         usart.o
    0x20000684        -       0x00000044   Zero   RW          117    .bss.huart3         usart.o
    0x200006c8        -       0x000000a0   Zero   RW         1369    .bss.prvCheckForValidListAndQueue.ucStaticTimerQueueStorage  timers.o
    0x20000768        -       0x00000050   Zero   RW         1368    .bss.prvCheckForValidListAndQueue.xStaticTimerQueue  timers.o
    0x200007b8        -       0x00000460   Zero   RW         1319    .bss.pxReadyTasksLists  tasks.o
    0x20000c18        -       0x00000080   Zero   RW           49    .bss.rx_buf         freertos.o
    0x20000c98        -       0x00003c00   Zero   RW         1555    .bss.ucHeap         heap_4.o
    0x20004898        -       0x00000004   Zero   RW          541    .bss.uwTick         stm32f4xx_hal.o
    0x2000489c        -       0x00000200   Zero   RW         1532    .bss.vApplicationGetIdleTaskMemory.Idle_Stack  cmsis_os2.o
    0x20004a9c        -       0x0000005c   Zero   RW         1531    .bss.vApplicationGetIdleTaskMemory.Idle_TCB  cmsis_os2.o
    0x20004af8        -       0x00000400   Zero   RW         1534    .bss.vApplicationGetTimerTaskMemory.Timer_Stack  cmsis_os2.o
    0x20004ef8        -       0x0000005c   Zero   RW         1533    .bss.vApplicationGetTimerTaskMemory.Timer_TCB  cmsis_os2.o
    0x20004f54        -       0x00000040   Zero   RW         1152    .bss.xQueueRegistry  queue.o
    0x20004f94   0x08006850   0x00000004   PAD
    0x20004f98        -       0x00000400   Zero   RW            1    STACK               startup_stm32f407xx.o


    Execution Region RW_IRAM2 (Exec base: 0x2001c000, Load base: 0x08006850, Size: 0x00000000, Max: 0x00004000, ABSOLUTE)

    **** No section assigned to this execution region ****


==============================================================================

Image component sizes


      Code (inc. data)   RO Data    RW Data    ZI Data      Debug   Object Name

       842          0          0          0       1724      44610   cmsis_os2.o
       612          0          0          0          0       5218   control.o
       156          0          0          0          0       3529   dma.o
       502         16        125          0        144       6566   freertos.o
       274          0          0          0          0       2276   gpio.o
       734          0          0          0      15392       5624   heap_4.o
       190          0          0          0          0       2350   list.o
       276          0          0          0          0       6018   main.o
       994         16          0          4          8       4197   port.o
      2274          0          0          0         64      28153   queue.o
        36          8        392          0       1024        848   startup_stm32f407xx.o
        92          0          0          8          4       7315   stm32f4xx_hal.o
       156          0          0          0          0      10545   stm32f4xx_hal_cortex.o
      1138          6          8          0          0      10619   stm32f4xx_hal_dma.o
       432          0          0          0          0       5278   stm32f4xx_hal_gpio.o
        66          0          0          0          0       3550   stm32f4xx_hal_msp.o
      1482          0          0          0          0       7443   stm32f4xx_hal_rcc.o
      2276          4          0          0          0      55056   stm32f4xx_hal_tim.o
       262          0          0          0          0      21261   stm32f4xx_hal_tim_ex.o
       188          0          0          0         72       7283   stm32f4xx_hal_timebase_tim.o
      4400          0          0          0          0      31738   stm32f4xx_hal_uart.o
       162          0          0          0          0       6339   stm32f4xx_it.o
        18          0         24          4          0       2668   system_stm32f4xx.o
      3090          8          0          0       1280      43021   tasks.o
      2874          0          0          0        504      11214   tim.o
      1086         20          5          0        300      16097   timers.o
       906          0          0          0        864       8328   usart.o

    ----------------------------------------------------------------------
     25716         78        588         16      21384     357144   Object Totals
         0          0         32          0          0          0   (incl. Generated)
       198          0          2          0          4          0   (incl. Padding)

    ----------------------------------------------------------------------

      Code (inc. data)   RO Data    RW Data    ZI Data      Debug   Library Member Name

         0          0          0          0          0          0   entry.o
         0          0          0          0          0          0   entry10a.o
         0          0          0          0          0          0   entry11a.o
         8          4          0          0          0          0   entry2.o
         4          0          0          0          0          0   entry5.o
         0          0          0          0          0          0   entry7b.o
         0          0          0          0          0          0   entry8b.o
         8          4          0          0          0          0   entry9a.o
        30          0          0          0          0          0   handlers.o
        36          8          0          0          0         68   init.o
        30          0          0          0          0         68   llshl.o
        32          0          0          0          0         68   llushr.o
        26          0          0          0          0         80   memcmp.o
        36          0          0          0          0         68   memcpya.o
        36          0          0          0          0        108   memseta.o
        36          6          0          0          0         80   puts.o
        98          0          0          0          0         92   uldiv.o

    ----------------------------------------------------------------------
       384         22          0          0          0        632   Library Totals
         4          0          0          0          0          0   (incl. Padding)

    ----------------------------------------------------------------------

      Code (inc. data)   RO Data    RW Data    ZI Data      Debug   Library Name

       380         22          0          0          0        632   mc_w.l

    ----------------------------------------------------------------------
       384         22          0          0          0        632   Library Totals

    ----------------------------------------------------------------------

==============================================================================


      Code (inc. data)   RO Data    RW Data    ZI Data      Debug   

     26100        100        588         16      21384     357220   Grand Totals
     26100        100        588         16      21384     357220   ELF Image Totals
     26100        100        588         16          0          0   ROM Totals

==============================================================================

    Total RO  Size (Code + RO Data)                26688 (  26.06kB)
    Total RW  Size (RW Data + ZI Data)             21400 (  20.90kB)
    Total ROM Size (Code + RO Data + RW Data)      26704 (  26.08kB)

==============================================================================

