<html>
<body>
<pre>
<h1>µVision Build Log</h1>
<h2>Tool Versions:</h2>
IDE-Version: ¦ÌVision V5.38.0.0
Copyright (C) 2022 ARM Ltd and ARM Germany GmbH. All rights reserved.
License Information: 123 Lenovo, 123, LIC=IK1BF-63HFL-FWS2N-YWRW7-Y9SMP-4JGZI
 
Tool Versions:
Toolchain:       MDK-ARM Plus  Version: 5.38.0.0
Toolchain Path:  D:\ProgramFiles\Keil5\ARM\ARMCLANG\Bin
C Compiler:      ArmClang.exe V6.19
Assembler:       Armasm.exe V6.19
Linker/Locator:  ArmLink.exe V6.19
Library Manager: ArmAr.exe V6.19
Hex Converter:   FromElf.exe V6.19
CPU DLL:         SARMCM3.DLL V5.38.0.0
Dialog DLL:      DCM.DLL V1.17.5.0
Target DLL:      CMSIS_AGDI.dll V1.33.15.0
Dialog DLL:      TCM.DLL V1.56.4.0
 
<h2>Project:</h2>
D:\Programming_file\stm32\Machine_design\Machine_design\MDK-ARM\Machine_design.uvprojx
Project File Date:  03/31/2024

<h2>Output:</h2>
*** Using Compiler 'V6.19', folder: 'D:\ProgramFiles\Keil5\ARM\ARMCLANG\Bin'
Rebuild target 'Machine_design'
compiling stm32f4xx_hal_msp.c...
compiling dma.c...
compiling stm32f4xx_it.c...
compiling main.c...
compiling gpio.c...
compiling usart.c...
assembling startup_stm32f407xx.s...
compiling tim.c...
compiling stm32f4xx_hal_timebase_tim.c...
compiling stm32f4xx_hal_flash_ramfunc.c...
compiling freertos.c...
compiling stm32f4xx_hal_flash.c...
compiling stm32f4xx_hal_rcc_ex.c...
compiling stm32f4xx_hal_gpio.c...
compiling stm32f4xx_hal_flash_ex.c...
compiling stm32f4xx_hal_rcc.c...
compiling stm32f4xx_hal_pwr.c...
compiling stm32f4xx_hal_dma_ex.c...
compiling stm32f4xx_hal.c...
compiling croutine.c...
compiling list.c...
compiling stm32f4xx_hal_pwr_ex.c...
compiling stm32f4xx_hal_cortex.c...
compiling stm32f4xx_hal_exti.c...
compiling system_stm32f4xx.c...
compiling stm32f4xx_hal_dma.c...
compiling event_groups.c...
compiling stream_buffer.c...
compiling port.c...
compiling heap_4.c...
compiling stm32f4xx_hal_tim_ex.c...
compiling queue.c...
compiling Control.c...
compiling timers.c...
compiling stm32f4xx_hal_uart.c...
compiling tasks.c...
compiling cmsis_os2.c...
compiling stm32f4xx_hal_tim.c...
linking...
Program Size: Code=26100 RO-data=588 RW-data=16 ZI-data=21384  
FromELF: creating hex file...
"Machine_design\Machine_design.axf" - 0 Error(s), 0 Warning(s).

<h2>Software Packages used:</h2>

Package Vendor: ARM
                http://www.keil.com/pack/ARM.CMSIS.5.9.0.pack
                ARM.CMSIS.5.9.0
                CMSIS (Common Microcontroller Software Interface Standard)
   * Component: CORE Version: 5.6.0

Package Vendor: Keil
                https://www.keil.com/pack/Keil.STM32F4xx_DFP.2.17.1.pack
                Keil.STM32F4xx_DFP.2.17.1
                STMicroelectronics STM32F4 Series Device Support, Drivers and Examples

<h2>Collection of Component include folders:</h2>
  ./RTE/_Machine_design
  D:/ProgramFiles/Keil5/PACKS/ARM/CMSIS/5.9.0/CMSIS/Core/Include
  D:/ProgramFiles/Keil5/PACKS/Keil/STM32F4xx_DFP/2.17.1/Drivers/CMSIS/Device/ST/STM32F4xx/Include

<h2>Collection of Component Files used:</h2>

   * Component: ARM::CMSIS:CORE:5.6.0
      Include file:  CMSIS/Core/Include/tz_context.h
Build Time Elapsed:  00:00:02
</pre>
</body>
</html>
